Archive member included to satisfy reference by file (symbol)

d:/program files (x86)/gnu tools arm embedded/8 2019-q3-update/bin/../lib/gcc/arm-none-eabi/8.3.1/../../../../arm-none-eabi/lib/thumb/v7e-m+fp/hard\libc_nano.a(lib_a-ctype_.o)
                              _build/nrf52832_xxaa/nrf_log_str_formatter.c.o (_ctype_)
d:/program files (x86)/gnu tools arm embedded/8 2019-q3-update/bin/../lib/gcc/arm-none-eabi/8.3.1/../../../../arm-none-eabi/lib/thumb/v7e-m+fp/hard\libc_nano.a(lib_a-exit.o)
                              d:/program files (x86)/gnu tools arm embedded/8 2019-q3-update/bin/../lib/gcc/arm-none-eabi/8.3.1/../../../../arm-none-eabi/lib/thumb/v7e-m+fp/hard/crt0.o (exit)
d:/program files (x86)/gnu tools arm embedded/8 2019-q3-update/bin/../lib/gcc/arm-none-eabi/8.3.1/../../../../arm-none-eabi/lib/thumb/v7e-m+fp/hard\libc_nano.a(lib_a-impure.o)
                              d:/program files (x86)/gnu tools arm embedded/8 2019-q3-update/bin/../lib/gcc/arm-none-eabi/8.3.1/../../../../arm-none-eabi/lib/thumb/v7e-m+fp/hard\libc_nano.a(lib_a-exit.o) (_global_impure_ptr)
d:/program files (x86)/gnu tools arm embedded/8 2019-q3-update/bin/../lib/gcc/arm-none-eabi/8.3.1/../../../../arm-none-eabi/lib/thumb/v7e-m+fp/hard\libc_nano.a(lib_a-init.o)
                              d:/program files (x86)/gnu tools arm embedded/8 2019-q3-update/bin/../lib/gcc/arm-none-eabi/8.3.1/../../../../arm-none-eabi/lib/thumb/v7e-m+fp/hard/crt0.o (__libc_init_array)
d:/program files (x86)/gnu tools arm embedded/8 2019-q3-update/bin/../lib/gcc/arm-none-eabi/8.3.1/../../../../arm-none-eabi/lib/thumb/v7e-m+fp/hard\libc_nano.a(lib_a-memcmp.o)
                              _build/nrf52832_xxaa/ble_advdata.c.o (memcmp)
d:/program files (x86)/gnu tools arm embedded/8 2019-q3-update/bin/../lib/gcc/arm-none-eabi/8.3.1/../../../../arm-none-eabi/lib/thumb/v7e-m+fp/hard\libc_nano.a(lib_a-memcpy-stub.o)
                              _build/nrf52832_xxaa/nrf_log_frontend.c.o (memcpy)
d:/program files (x86)/gnu tools arm embedded/8 2019-q3-update/bin/../lib/gcc/arm-none-eabi/8.3.1/../../../../arm-none-eabi/lib/thumb/v7e-m+fp/hard\libc_nano.a(lib_a-memset.o)
                              d:/program files (x86)/gnu tools arm embedded/8 2019-q3-update/bin/../lib/gcc/arm-none-eabi/8.3.1/../../../../arm-none-eabi/lib/thumb/v7e-m+fp/hard/crt0.o (memset)
d:/program files (x86)/gnu tools arm embedded/8 2019-q3-update/bin/../lib/gcc/arm-none-eabi/8.3.1/../../../../arm-none-eabi/lib/thumb/v7e-m+fp/hard\libc_nano.a(lib_a-strcpy.o)
                              _build/nrf52832_xxaa/SEGGER_RTT.c.o (strcpy)
d:/program files (x86)/gnu tools arm embedded/8 2019-q3-update/bin/../lib/gcc/arm-none-eabi/8.3.1/../../../../arm-none-eabi/lib/thumb/v7e-m+fp/hard\libc_nano.a(lib_a-strlen.o)
                              _build/nrf52832_xxaa/nrf_log_frontend.c.o (strlen)
d:/program files (x86)/gnu tools arm embedded/8 2019-q3-update/bin/../lib/gcc/arm-none-eabi/8.3.1/../../../../arm-none-eabi/lib/thumb/v7e-m+fp/hard\libnosys.a(_exit.o)
                              d:/program files (x86)/gnu tools arm embedded/8 2019-q3-update/bin/../lib/gcc/arm-none-eabi/8.3.1/../../../../arm-none-eabi/lib/thumb/v7e-m+fp/hard\libc_nano.a(lib_a-exit.o) (_exit)

Allocating common symbols
Common symbol       size              file

nrf_nvic_state      0xc               _build/nrf52832_xxaa/app_util_platform.c.o
nrf_drv_uart_use_easy_dma
                    0x1               _build/nrf52832_xxaa/nrf_drv_uart.c.o
_SEGGER_RTT         0x78              _build/nrf52832_xxaa/SEGGER_RTT.c.o

Discarded input sections

 .text          0x00000000        0x0 d:/program files (x86)/gnu tools arm embedded/8 2019-q3-update/bin/../lib/gcc/arm-none-eabi/8.3.1/thumb/v7e-m+fp/hard/crti.o
 .data          0x00000000        0x0 d:/program files (x86)/gnu tools arm embedded/8 2019-q3-update/bin/../lib/gcc/arm-none-eabi/8.3.1/thumb/v7e-m+fp/hard/crti.o
 .bss           0x00000000        0x0 d:/program files (x86)/gnu tools arm embedded/8 2019-q3-update/bin/../lib/gcc/arm-none-eabi/8.3.1/thumb/v7e-m+fp/hard/crti.o
 .data          0x00000000        0x4 d:/program files (x86)/gnu tools arm embedded/8 2019-q3-update/bin/../lib/gcc/arm-none-eabi/8.3.1/thumb/v7e-m+fp/hard/crtbegin.o
 .data          0x00000000        0x0 d:/program files (x86)/gnu tools arm embedded/8 2019-q3-update/bin/../lib/gcc/arm-none-eabi/8.3.1/../../../../arm-none-eabi/lib/thumb/v7e-m+fp/hard/crt0.o
 .bss           0x00000000        0x0 d:/program files (x86)/gnu tools arm embedded/8 2019-q3-update/bin/../lib/gcc/arm-none-eabi/8.3.1/../../../../arm-none-eabi/lib/thumb/v7e-m+fp/hard/crt0.o
 .ARM.extab     0x00000000        0x0 d:/program files (x86)/gnu tools arm embedded/8 2019-q3-update/bin/../lib/gcc/arm-none-eabi/8.3.1/../../../../arm-none-eabi/lib/thumb/v7e-m+fp/hard/crt0.o
 .data          0x00000000        0x0 _build/nrf52832_xxaa/gcc_startup_nrf52.S.o
 .bss           0x00000000        0x0 _build/nrf52832_xxaa/gcc_startup_nrf52.S.o
[...]
Memory Configuration

Name             Origin             Length             Attributes
FLASH            0x00026000         0x0005a000         xr
RAM              0x200022b8         0x0000dd48         xrw
*default*        0x00000000         0xffffffff

Linker script and memory map


.text           0x00026000     0x685c
 *(.isr_vector)
 .isr_vector    0x00026000      0x200 _build/nrf52832_xxaa/gcc_startup_nrf52.S.o
                0x00026000                __isr_vector
 *(.text*)
 .text          0x00026200       0x40 d:/program files (x86)/gnu tools arm embedded/8 2019-q3-update/bin/../lib/gcc/arm-none-eabi/8.3.1/thumb/v7e-m+fp/hard/crtbegin.o
 .text          0x00026240       0x74 d:/program files (x86)/gnu tools arm embedded/8 2019-q3-update/bin/../lib/gcc/arm-none-eabi/8.3.1/../../../../arm-none-eabi/lib/thumb/v7e-m+fp/hard/crt0.o
                0x00026240                _start
                0x00026240                _mainCRTStartup
 .text          0x000262b4       0x3c _build/nrf52832_xxaa/gcc_startup_nrf52.S.o
                0x000262b4                Reset_Handler
                0x000262dc                NMI_Handler
                0x000262de                HardFault_Handler
                0x000262e0                MemoryManagement_Handler
                0x000262e2                BusFault_Handler
                0x000262e4                UsageFault_Handler
                0x000262e6                SVC_Handler
                0x000262e8                DebugMon_Handler
                0x000262ea                PendSV_Handler
                0x000262ec                SysTick_Handler
                0x000262ee                TEMP_IRQHandler
                0x000262ee                QDEC_IRQHandler
                0x000262ee                TIMER3_IRQHandler
                0x000262ee                FPU_IRQHandler
                0x000262ee                SPIM0_SPIS0_TWIM0_TWIS0_SPI0_TWI0_IRQHandler
                0x000262ee                PDM_IRQHandler
                0x000262ee                TIMER4_IRQHandler
                0x000262ee                I2S_IRQHandler
                0x000262ee                SWI4_EGU4_IRQHandler
                0x000262ee                TIMER0_IRQHandler
                0x000262ee                RADIO_IRQHandler
                0x000262ee                RTC0_IRQHandler
                0x000262ee                PWM2_IRQHandler
                0x000262ee                ECB_IRQHandler
                0x000262ee                SPIM1_SPIS1_TWIM1_TWIS1_SPI1_TWI1_IRQHandler
                0x000262ee                Default_Handler
                0x000262ee                SAADC_IRQHandler
                0x000262ee                CCM_AAR_IRQHandler
                0x000262ee                WDT_IRQHandler
                0x000262ee                PWM1_IRQHandler
                0x000262ee                SWI5_EGU5_IRQHandler
                0x000262ee                RNG_IRQHandler
                0x000262ee                RTC2_IRQHandler
                0x000262ee                PWM0_IRQHandler
                0x000262ee                SWI3_EGU3_IRQHandler
                0x000262ee                SWI1_EGU1_IRQHandler
                0x000262ee                SPIM2_SPIS2_SPI2_IRQHandler
                0x000262ee                NFCT_IRQHandler
                0x000262ee                TIMER1_IRQHandler
                0x000262ee                MWU_IRQHandler
                0x000262ee                TIMER2_IRQHandler
                0x000262ee                COMP_LPCOMP_IRQHandler
 .text.nrf_log_backend_serial_put
                0x000262f0       0xd4 _build/nrf52832_xxaa/nrf_log_backend_serial.c.o
                0x000262f0                nrf_log_backend_serial_put
 .text.uart_evt_handler
                0x000263c4        0xc _build/nrf52832_xxaa/nrf_log_backend_uart.c.o
 .text.nrf_log_backend_uart_flush
                0x000263d0        0x4 _build/nrf52832_xxaa/nrf_log_backend_uart.c.o
 .text.nrf_log_backend_uart_put
                0x000263d4       0x20 _build/nrf52832_xxaa/nrf_log_backend_uart.c.o
 .text.serial_tx
                0x000263f4       0x4c _build/nrf52832_xxaa/nrf_log_backend_uart.c.o
 .text.nrf_log_backend_uart_panic_set
                0x00026440       0x64 _build/nrf52832_xxaa/nrf_log_backend_uart.c.o
 .text.nrf_log_backend_uart_init
                0x000264a4       0x4c _build/nrf52832_xxaa/nrf_log_backend_uart.c.o
                0x000264a4                nrf_log_backend_uart_init
 .text.nrf_log_default_backends_init
                0x000264f0       0x20 _build/nrf52832_xxaa/nrf_log_default_backends.c.o
                0x000264f0                nrf_log_default_backends_init
 .text.nrf_log_init
                0x00026510       0x40 _build/nrf52832_xxaa/nrf_log_frontend.c.o
                0x00026510                nrf_log_init
 .text.nrf_log_module_name_get
                0x00026550       0x58 _build/nrf52832_xxaa/nrf_log_frontend.c.o
                0x00026550                nrf_log_module_name_get
 .text.nrf_log_color_id_get
                0x000265a8       0x2c _build/nrf52832_xxaa/nrf_log_frontend.c.o
                0x000265a8                nrf_log_color_id_get
 .text.nrf_log_frontend_dequeue
                0x000265d4      0x27c _build/nrf52832_xxaa/nrf_log_frontend.c.o
                0x000265d4                nrf_log_frontend_dequeue
 .text.nrf_log_frontend_std_0
                0x00026850      0x1b0 _build/nrf52832_xxaa/nrf_log_frontend.c.o
                0x00026850                nrf_log_frontend_std_0
 .text.nrf_log_frontend_std_1
                0x00026a00      0x1c0 _build/nrf52832_xxaa/nrf_log_frontend.c.o
                0x00026a00                nrf_log_frontend_std_1
 .text.nrf_log_frontend_std_2
                0x00026bc0      0x1d0 _build/nrf52832_xxaa/nrf_log_frontend.c.o
                0x00026bc0                nrf_log_frontend_std_2
 .text.nrf_log_backend_add
                0x00026d90       0x74 _build/nrf52832_xxaa/nrf_log_frontend.c.o
                0x00026d90                nrf_log_backend_add
 .text.nrf_log_panic
                0x00026e04       0x2c _build/nrf52832_xxaa/nrf_log_frontend.c.o
                0x00026e04                nrf_log_panic
 .text.prefix_process
                0x00026e30       0x80 _build/nrf52832_xxaa/nrf_log_str_formatter.c.o
 .text.nrf_log_std_entry_process
                0x00026eb0       0xec _build/nrf52832_xxaa/nrf_log_str_formatter.c.o
                0x00026eb0                nrf_log_std_entry_process
 .text.nrf_log_hexdump_entry_process
                0x00026f9c       0xfc _build/nrf52832_xxaa/nrf_log_str_formatter.c.o
                0x00026f9c                nrf_log_hexdump_entry_process
 .text.detection_delay_timeout_handler
                0x00027098      0x120 _build/nrf52832_xxaa/app_button.c.o
 .text.gpiote_event_handler
                0x000271b8       0x9c _build/nrf52832_xxaa/app_button.c.o
 .text.app_button_init
                0x00027254       0xb0 _build/nrf52832_xxaa/app_button.c.o
                0x00027254                app_button_init
 .text.app_button_enable
                0x00027304       0x2c _build/nrf52832_xxaa/app_button.c.o
                0x00027304                app_button_enable
 .text.app_button_disable
                0x00027330       0x34 _build/nrf52832_xxaa/app_button.c.o
                0x00027330                app_button_disable
 .text.app_error_handler_bare
                0x00027364       0x20 _build/nrf52832_xxaa/app_error.c.o
                0x00027364                app_error_handler_bare
 .text.app_error_fault_handler
                0x00027384       0x70 _build/nrf52832_xxaa/app_error_weak.c.o
                0x00027384                app_error_fault_handler
 .text.RTC1_IRQHandler
                0x000273f4       0xa0 _build/nrf52832_xxaa/app_timer.c.o
                0x000273f4                RTC1_IRQHandler
 .text.SWI0_EGU0_IRQHandler
                0x00027494      0x3ec _build/nrf52832_xxaa/app_timer.c.o
                0x00027494                SWI0_EGU0_IRQHandler
 .text.app_timer_init
                0x00027880       0xa8 _build/nrf52832_xxaa/app_timer.c.o
                0x00027880                app_timer_init
 .text.app_timer_create
                0x00027928       0x24 _build/nrf52832_xxaa/app_timer.c.o
                0x00027928                app_timer_create
 .text.app_timer_start
                0x0002794c       0xac _build/nrf52832_xxaa/app_timer.c.o
                0x0002794c                app_timer_start
 .text.app_timer_stop
                0x000279f8       0x74 _build/nrf52832_xxaa/app_timer.c.o
                0x000279f8                app_timer_stop
 .text.app_util_critical_region_enter
                0x00027a6c       0x4c _build/nrf52832_xxaa/app_util_platform.c.o
                0x00027a6c                app_util_critical_region_enter
 .text.app_util_critical_region_exit
                0x00027ab8       0x30 _build/nrf52832_xxaa/app_util_platform.c.o
                0x00027ab8                app_util_critical_region_exit
 .text.nrf_atflags_set
                0x00027ae8       0x14 _build/nrf52832_xxaa/nrf_atflags.c.o
                0x00027ae8                nrf_atflags_set
 .text.nrf_atflags_clear
                0x00027afc       0x14 _build/nrf52832_xxaa/nrf_atflags.c.o
                0x00027afc                nrf_atflags_clear
 .text.nrf_atflags_get
                0x00027b10       0x14 _build/nrf52832_xxaa/nrf_atflags.c.o
                0x00027b10                nrf_atflags_get
 .text.nrf_atomic_u32_fetch_store
                0x00027b24       0x14 _build/nrf52832_xxaa/nrf_atomic.c.o
                0x00027b24                nrf_atomic_u32_fetch_store
 .text.nrf_atomic_u32_or
                0x00027b38       0x18 _build/nrf52832_xxaa/nrf_atomic.c.o
                0x00027b38                nrf_atomic_u32_or
 .text.nrf_atomic_u32_and
                0x00027b50       0x18 _build/nrf52832_xxaa/nrf_atomic.c.o
                0x00027b50                nrf_atomic_u32_and
 .text.nrf_atomic_u32_add
                0x00027b68       0x18 _build/nrf52832_xxaa/nrf_atomic.c.o
                0x00027b68                nrf_atomic_u32_add
 .text.nrf_atomic_u32_sub
                0x00027b80       0x18 _build/nrf52832_xxaa/nrf_atomic.c.o
                0x00027b80                nrf_atomic_u32_sub
 .text.nrf_atomic_flag_set
                0x00027b98       0x18 _build/nrf52832_xxaa/nrf_atomic.c.o
                0x00027b98                nrf_atomic_flag_set
 .text.nrf_atomic_flag_clear_fetch
                0x00027bb0       0x18 _build/nrf52832_xxaa/nrf_atomic.c.o
                0x00027bb0                nrf_atomic_flag_clear_fetch
 .text.nrf_balloc_init
                0x00027bc8       0x38 _build/nrf52832_xxaa/nrf_balloc.c.o
                0x00027bc8                nrf_balloc_init
 .text.nrf_balloc_alloc
                0x00027c00       0x50 _build/nrf52832_xxaa/nrf_balloc.c.o
                0x00027c00                nrf_balloc_alloc
 .text.nrf_balloc_free
                0x00027c50       0x38 _build/nrf52832_xxaa/nrf_balloc.c.o
                0x00027c50                nrf_balloc_free
 .text.nrf_fprintf_buffer_flush
                0x00027c88       0x18 _build/nrf52832_xxaa/nrf_fprintf.c.o
                0x00027c88                nrf_fprintf_buffer_flush
 .text.nrf_fprintf
                0x00027ca0       0x20 _build/nrf52832_xxaa/nrf_fprintf.c.o
                0x00027ca0                nrf_fprintf
 .text.unsigned_print
                0x00027cc0      0x158 _build/nrf52832_xxaa/nrf_fprintf_format.c.o
 .text.nrf_fprintf_fmt
                0x00027e18      0x734 _build/nrf52832_xxaa/nrf_fprintf_format.c.o
                0x00027e18                nrf_fprintf_fmt
 .text.nrf_memobj_pool_init
                0x0002854c        0x4 _build/nrf52832_xxaa/nrf_memobj.c.o
                0x0002854c                nrf_memobj_pool_init
 .text.nrf_memobj_alloc
                0x00028550       0x98 _build/nrf52832_xxaa/nrf_memobj.c.o
                0x00028550                nrf_memobj_alloc
 .text.nrf_memobj_get
                0x000285e8        0x8 _build/nrf52832_xxaa/nrf_memobj.c.o
                0x000285e8                nrf_memobj_get
 .text.nrf_memobj_put
                0x000285f0       0x58 _build/nrf52832_xxaa/nrf_memobj.c.o
                0x000285f0                nrf_memobj_put
 .text.nrf_memobj_write
                0x00028648       0x68 _build/nrf52832_xxaa/nrf_memobj.c.o
                0x00028648                nrf_memobj_write
 .text.nrf_memobj_read
                0x000286b0       0x68 _build/nrf52832_xxaa/nrf_memobj.c.o
                0x000286b0                nrf_memobj_read
 .text.sd_app_evt_wait
                0x00028718        0x4 _build/nrf52832_xxaa/nrf_pwr_mgmt.c.o
 .text.nrf_pwr_mgmt_init
                0x0002871c       0x2c _build/nrf52832_xxaa/nrf_pwr_mgmt.c.o
                0x0002871c                nrf_pwr_mgmt_init
 .text.nrf_pwr_mgmt_run
                0x00028748       0x54 _build/nrf52832_xxaa/nrf_pwr_mgmt.c.o
                0x00028748                nrf_pwr_mgmt_run
 .text.nrf_ringbuf_init
                0x0002879c       0x1c _build/nrf52832_xxaa/nrf_ringbuf.c.o
                0x0002879c                nrf_ringbuf_init
 .text.nrf_section_iter_init
                0x000287b8       0x14 _build/nrf52832_xxaa/nrf_section_iter.c.o
                0x000287b8                nrf_section_iter_init
 .text.nrf_section_iter_next
                0x000287cc       0x18 _build/nrf52832_xxaa/nrf_section_iter.c.o
                0x000287cc                nrf_section_iter_next
 .text.nrf_strerror_get
                0x000287e4       0x88 _build/nrf52832_xxaa/nrf_strerror.c.o
                0x000287e4                nrf_strerror_get
 .text.SystemInit
                0x0002886c      0x3b4 _build/nrf52832_xxaa/system_nrf52.c.o
                0x0002886c                SystemInit
 .text.bsp_board_led_on
                0x00028c20       0x18 _build/nrf52832_xxaa/boards.c.o
                0x00028c20                bsp_board_led_on
 .text.bsp_board_led_off
                0x00028c38       0x18 _build/nrf52832_xxaa/boards.c.o
                0x00028c38                bsp_board_led_off
 .text.bsp_board_init
                0x00028c50       0x5c _build/nrf52832_xxaa/boards.c.o
                0x00028c50                bsp_board_init
 .text.clock_irq_handler
                0x00028cac       0x44 _build/nrf52832_xxaa/nrf_drv_clock.c.o
 .text.soc_evt_handler
                0x00028cf0       0x28 _build/nrf52832_xxaa/nrf_drv_clock.c.o
 .text.sd_state_evt_handler
                0x00028d18       0xa4 _build/nrf52832_xxaa/nrf_drv_clock.c.o
 .text.uarte_evt_handler
                0x00028dbc       0x34 _build/nrf52832_xxaa/nrf_drv_uart.c.o
 .text.uart_evt_handler
                0x00028df0       0x34 _build/nrf52832_xxaa/nrf_drv_uart.c.o
 .text.nrf_drv_uart_init
                0x00028e24       0x7c _build/nrf52832_xxaa/nrf_drv_uart.c.o
                0x00028e24                nrf_drv_uart_init
 .text.nrfx_clock_init
                0x00028ea0       0x18 _build/nrf52832_xxaa/nrfx_clock.c.o
                0x00028ea0                nrfx_clock_init
 .text.nrfx_clock_enable
                0x00028eb8       0x24 _build/nrf52832_xxaa/nrfx_clock.c.o
                0x00028eb8                nrfx_clock_enable
 .text.nrfx_clock_lfclk_stop
                0x00028edc       0x18 _build/nrf52832_xxaa/nrfx_clock.c.o
                0x00028edc                nrfx_clock_lfclk_stop
 .text.POWER_CLOCK_IRQHandler
                0x00028ef4       0x64 _build/nrf52832_xxaa/nrfx_clock.c.o
                0x00028ef4                POWER_CLOCK_IRQHandler
 .text.nrfx_gpiote_init
                0x00028f58       0x94 _build/nrf52832_xxaa/nrfx_gpiote.c.o
                0x00028f58                nrfx_gpiote_init
 .text.nrfx_gpiote_is_init
                0x00028fec       0x14 _build/nrf52832_xxaa/nrfx_gpiote.c.o
                0x00028fec                nrfx_gpiote_is_init
 .text.nrfx_gpiote_in_init
                0x00029000      0x1b0 _build/nrf52832_xxaa/nrfx_gpiote.c.o
                0x00029000                nrfx_gpiote_in_init
 .text.nrfx_gpiote_in_event_enable
                0x000291b0       0xc0 _build/nrf52832_xxaa/nrfx_gpiote.c.o
                0x000291b0                nrfx_gpiote_in_event_enable
 .text.nrfx_gpiote_in_event_disable
                0x00029270       0x64 _build/nrf52832_xxaa/nrfx_gpiote.c.o
                0x00029270                nrfx_gpiote_in_event_disable
 .text.nrfx_gpiote_in_is_set
                0x000292d4       0x14 _build/nrf52832_xxaa/nrfx_gpiote.c.o
                0x000292d4                nrfx_gpiote_in_is_set
 .text.GPIOTE_IRQHandler
                0x000292e8      0x4f8 _build/nrf52832_xxaa/nrfx_gpiote.c.o
                0x000292e8                GPIOTE_IRQHandler
 .text.UARTE0_UART0_IRQHandler
                0x000297e0        0xc _build/nrf52832_xxaa/nrfx_prs.c.o
                0x000297e0                UARTE0_UART0_IRQHandler
 .text.nrfx_prs_acquire
                0x000297ec       0x50 _build/nrf52832_xxaa/nrfx_prs.c.o
                0x000297ec                nrfx_prs_acquire
 .text.nrfx_prs_release
                0x0002983c       0x18 _build/nrf52832_xxaa/nrfx_prs.c.o
                0x0002983c                nrfx_prs_release
 .text.nrfx_uart_0_irq_handler
                0x00029854      0x1c0 _build/nrf52832_xxaa/nrfx_uart.c.o
                0x00029854                nrfx_uart_0_irq_handler
 .text.nrfx_uart_init
                0x00029a14      0x194 _build/nrf52832_xxaa/nrfx_uart.c.o
                0x00029a14                nrfx_uart_init
 .text.nrfx_uart_uninit
                0x00029ba8       0xcc _build/nrf52832_xxaa/nrfx_uart.c.o
                0x00029ba8                nrfx_uart_uninit
 .text.nrfx_uart_tx
                0x00029c74       0xd0 _build/nrf52832_xxaa/nrfx_uart.c.o
                0x00029c74                nrfx_uart_tx
 .text.nrfx_uarte_0_irq_handler
                0x00029d44      0x124 _build/nrf52832_xxaa/nrfx_uarte.c.o
                0x00029d44                nrfx_uarte_0_irq_handler
 .text.nrfx_uarte_init
                0x00029e68      0x1b8 _build/nrf52832_xxaa/nrfx_uarte.c.o
                0x00029e68                nrfx_uarte_init
 .text.nrfx_uarte_uninit
                0x0002a020       0xd0 _build/nrf52832_xxaa/nrfx_uarte.c.o
                0x0002a020                nrfx_uarte_uninit
 .text.nrfx_uarte_tx
                0x0002a0f0       0xa8 _build/nrf52832_xxaa/nrfx_uarte.c.o
                0x0002a0f0                nrfx_uarte_tx
 .text.sd_ble_gap_adv_set_configure
                0x0002a198        0x4 _build/nrf52832_xxaa/main.c.o
 .text.sd_ble_gap_adv_start
                0x0002a19c        0x4 _build/nrf52832_xxaa/main.c.o
 .text.sd_ble_gap_disconnect
                0x0002a1a0        0x4 _build/nrf52832_xxaa/main.c.o
 .text.sd_ble_gap_ppcp_set
                0x0002a1a4        0x4 _build/nrf52832_xxaa/main.c.o
 .text.sd_ble_gap_device_name_set
                0x0002a1a8        0x4 _build/nrf52832_xxaa/main.c.o
 .text.sd_ble_gap_sec_params_reply
                0x0002a1ac        0x4 _build/nrf52832_xxaa/main.c.o
 .text.sd_ble_gap_phy_update
                0x0002a1b0        0x4 _build/nrf52832_xxaa/main.c.o
 .text.sd_ble_gatts_sys_attr_set
                0x0002a1b4        0x4 _build/nrf52832_xxaa/main.c.o
 .text.nrf_qwr_error_handler
                0x0002a1b8        0x4 _build/nrf52832_xxaa/main.c.o
 .text.on_conn_params_evt
                0x0002a1bc       0x24 _build/nrf52832_xxaa/main.c.o
 .text.button_event_handler
                0x0002a1e0       0x60 _build/nrf52832_xxaa/main.c.o
 .text.led_write_handler
                0x0002a240       0x44 _build/nrf52832_xxaa/main.c.o
 .text.conn_params_error_handler
                0x0002a284        0x4 _build/nrf52832_xxaa/main.c.o
 .text.ble_evt_handler
                0x0002a288      0x154 _build/nrf52832_xxaa/main.c.o
 .text.startup.main
                0x0002a3dc      0x280 _build/nrf52832_xxaa/main.c.o
                0x0002a3dc                main
 .text.sd_ble_gap_addr_get
                0x0002a65c        0x4 _build/nrf52832_xxaa/ble_advdata.c.o
 .text.sd_ble_gap_appearance_get
                0x0002a660        0x4 _build/nrf52832_xxaa/ble_advdata.c.o
 .text.sd_ble_gap_device_name_get
                0x0002a664        0x4 _build/nrf52832_xxaa/ble_advdata.c.o
 .text.sd_ble_uuid_encode
                0x0002a668        0x4 _build/nrf52832_xxaa/ble_advdata.c.o
 .text.uuid_list_sized_encode.isra.0
                0x0002a66c       0xec _build/nrf52832_xxaa/ble_advdata.c.o
 .text.ble_advdata_encode
                0x0002a758      0x410 _build/nrf52832_xxaa/ble_advdata.c.o
                0x0002a758                ble_advdata_encode
 .text.sd_ble_gap_conn_param_update
                0x0002ab68        0x4 _build/nrf52832_xxaa/ble_conn_params.c.o
 .text.sd_ble_gap_disconnect
                0x0002ab6c        0x4 _build/nrf52832_xxaa/ble_conn_params.c.o
 .text.sd_ble_gap_ppcp_set
                0x0002ab70        0x4 _build/nrf52832_xxaa/ble_conn_params.c.o
 .text.sd_ble_gap_ppcp_get
                0x0002ab74        0x4 _build/nrf52832_xxaa/ble_conn_params.c.o
 .text.update_timeout_handler
                0x0002ab78       0x78 _build/nrf52832_xxaa/ble_conn_params.c.o
 .text.ble_evt_handler
                0x0002abf0      0x1ec _build/nrf52832_xxaa/ble_conn_params.c.o
 .text.ble_conn_params_init
                0x0002addc       0x78 _build/nrf52832_xxaa/ble_conn_params.c.o
                0x0002addc                ble_conn_params_init
 .text.ble_evt_handler
                0x0002ae54      0x124 _build/nrf52832_xxaa/ble_conn_state.c.o
 .text.sd_ble_gatts_characteristic_add
                0x0002af78        0x4 _build/nrf52832_xxaa/ble_srv_common.c.o
 .text.ble_srv_is_notification_enabled
                0x0002af7c        0x8 _build/nrf52832_xxaa/ble_srv_common.c.o
                0x0002af7c                ble_srv_is_notification_enabled
 .text.characteristic_add
                0x0002af84      0x270 _build/nrf52832_xxaa/ble_srv_common.c.o
                0x0002af84                characteristic_add
 .text.sd_ble_gap_data_length_update
                0x0002b1f4        0x4 _build/nrf52832_xxaa/nrf_ble_gatt.c.o
 .text.sd_ble_gattc_exchange_mtu_request
                0x0002b1f8        0x4 _build/nrf52832_xxaa/nrf_ble_gatt.c.o
 .text.sd_ble_gatts_exchange_mtu_reply
                0x0002b1fc        0x4 _build/nrf52832_xxaa/nrf_ble_gatt.c.o
 .text.data_length_update.constprop.6
                0x0002b200       0x8c _build/nrf52832_xxaa/nrf_ble_gatt.c.o
 .text.nrf_ble_gatt_init
                0x0002b28c       0x28 _build/nrf52832_xxaa/nrf_ble_gatt.c.o
                0x0002b28c                nrf_ble_gatt_init
 .text.nrf_ble_gatt_on_ble_evt
                0x0002b2b4      0x1b4 _build/nrf52832_xxaa/nrf_ble_gatt.c.o
                0x0002b2b4                nrf_ble_gatt_on_ble_evt
 .text.sd_ble_gatts_rw_authorize_reply
                0x0002b468        0x4 _build/nrf52832_xxaa/nrf_ble_qwr.c.o
 .text.sd_ble_user_mem_reply
                0x0002b46c        0x4 _build/nrf52832_xxaa/nrf_ble_qwr.c.o
 .text.nrf_ble_qwr_init
                0x0002b470       0x24 _build/nrf52832_xxaa/nrf_ble_qwr.c.o
                0x0002b470                nrf_ble_qwr_init
 .text.nrf_ble_qwr_conn_handle_assign
                0x0002b494       0x18 _build/nrf52832_xxaa/nrf_ble_qwr.c.o
                0x0002b494                nrf_ble_qwr_conn_handle_assign
 .text.nrf_ble_qwr_on_ble_evt
                0x0002b4ac       0xf0 _build/nrf52832_xxaa/nrf_ble_qwr.c.o
                0x0002b4ac                nrf_ble_qwr_on_ble_evt
 .text.sd_ble_gatts_service_add
                0x0002b59c        0x4 _build/nrf52832_xxaa/ble_lbs.c.o
 .text.sd_ble_gatts_hvx
                0x0002b5a0        0x4 _build/nrf52832_xxaa/ble_lbs.c.o
 .text.sd_ble_uuid_vs_add
                0x0002b5a4        0x4 _build/nrf52832_xxaa/ble_lbs.c.o
 .text.ble_lbs_on_ble_evt
                0x0002b5a8       0x30 _build/nrf52832_xxaa/ble_lbs.c.o
                0x0002b5a8                ble_lbs_on_ble_evt
 .text.ble_lbs_init
                0x0002b5d8       0xd0 _build/nrf52832_xxaa/ble_lbs.c.o
                0x0002b5d8                ble_lbs_init
 .text.ble_lbs_on_button_change
                0x0002b6a8       0x40 _build/nrf52832_xxaa/ble_lbs.c.o
                0x0002b6a8                ble_lbs_on_button_change
 .text.sd_softdevice_enable
                0x0002b6e8        0x4 _build/nrf52832_xxaa/nrf_sdh.c.o
 .text.nrf_sdh_enable_request
                0x0002b6ec      0x118 _build/nrf52832_xxaa/nrf_sdh.c.o
                0x0002b6ec                nrf_sdh_enable_request
 .text.nrf_sdh_is_enabled
                0x0002b804        0xc _build/nrf52832_xxaa/nrf_sdh.c.o
                0x0002b804                nrf_sdh_is_enabled
 .text.SWI2_EGU2_IRQHandler
                0x0002b810       0x2c _build/nrf52832_xxaa/nrf_sdh.c.o
                0x0002b810                SWI2_EGU2_IRQHandler
 .text.sd_ble_enable
                0x0002b83c        0x4 _build/nrf52832_xxaa/nrf_sdh_ble.c.o
 .text.sd_ble_cfg_set
                0x0002b840        0x4 _build/nrf52832_xxaa/nrf_sdh_ble.c.o
 .text.sd_ble_evt_get
                0x0002b844        0x4 _build/nrf52832_xxaa/nrf_sdh_ble.c.o
 .text.nrf_sdh_ble_evts_poll
                0x0002b848       0x5c _build/nrf52832_xxaa/nrf_sdh_ble.c.o
 .text.nrf_sdh_ble_default_cfg_set
                0x0002b8a4      0x17c _build/nrf52832_xxaa/nrf_sdh_ble.c.o
                0x0002b8a4                nrf_sdh_ble_default_cfg_set
 .text.nrf_sdh_ble_enable
                0x0002ba20       0x9c _build/nrf52832_xxaa/nrf_sdh_ble.c.o
                0x0002ba20                nrf_sdh_ble_enable
 .text.sd_evt_get
                0x0002babc        0x4 _build/nrf52832_xxaa/nrf_sdh_soc.c.o
 .text.nrf_sdh_soc_evts_poll
                0x0002bac0       0x4c _build/nrf52832_xxaa/nrf_sdh_soc.c.o
 .text.exit     0x0002bb0c       0x28 d:/program files (x86)/gnu tools arm embedded/8 2019-q3-update/bin/../lib/gcc/arm-none-eabi/8.3.1/../../../../arm-none-eabi/lib/thumb/v7e-m+fp/hard\libc_nano.a(lib_a-exit.o)
                0x0002bb0c                exit
 .text.__libc_init_array
                0x0002bb34       0x48 d:/program files (x86)/gnu tools arm embedded/8 2019-q3-update/bin/../lib/gcc/arm-none-eabi/8.3.1/../../../../arm-none-eabi/lib/thumb/v7e-m+fp/hard\libc_nano.a(lib_a-init.o)
                0x0002bb34                __libc_init_array
 .text.memcpy   0x0002bb7c       0x1c d:/program files (x86)/gnu tools arm embedded/8 2019-q3-update/bin/../lib/gcc/arm-none-eabi/8.3.1/../../../../arm-none-eabi/lib/thumb/v7e-m+fp/hard\libc_nano.a(lib_a-memcpy-stub.o)
                0x0002bb7c                memcpy
 .text.memset   0x0002bb98       0x10 d:/program files (x86)/gnu tools arm embedded/8 2019-q3-update/bin/../lib/gcc/arm-none-eabi/8.3.1/../../../../arm-none-eabi/lib/thumb/v7e-m+fp/hard\libc_nano.a(lib_a-memset.o)
                0x0002bb98                memset
 .text          0x0002bba8       0x10 d:/program files (x86)/gnu tools arm embedded/8 2019-q3-update/bin/../lib/gcc/arm-none-eabi/8.3.1/../../../../arm-none-eabi/lib/thumb/v7e-m+fp/hard\libc_nano.a(lib_a-strlen.o)
                0x0002bba8                strlen
 .text._exit    0x0002bbb8        0x4 d:/program files (x86)/gnu tools arm embedded/8 2019-q3-update/bin/../lib/gcc/arm-none-eabi/8.3.1/../../../../arm-none-eabi/lib/thumb/v7e-m+fp/hard\libnosys.a(_exit.o)
                0x0002bbb8                _exit
 *(.init)
 .init          0x0002bbbc        0x4 d:/program files (x86)/gnu tools arm embedded/8 2019-q3-update/bin/../lib/gcc/arm-none-eabi/8.3.1/thumb/v7e-m+fp/hard/crti.o
                0x0002bbbc                _init
 .init          0x0002bbc0        0x8 d:/program files (x86)/gnu tools arm embedded/8 2019-q3-update/bin/../lib/gcc/arm-none-eabi/8.3.1/thumb/v7e-m+fp/hard/crtn.o
 *(.fini)
 .fini          0x0002bbc8        0x4 d:/program files (x86)/gnu tools arm embedded/8 2019-q3-update/bin/../lib/gcc/arm-none-eabi/8.3.1/thumb/v7e-m+fp/hard/crti.o
                0x0002bbc8                _fini
 .fini          0x0002bbcc        0x8 d:/program files (x86)/gnu tools arm embedded/8 2019-q3-update/bin/../lib/gcc/arm-none-eabi/8.3.1/thumb/v7e-m+fp/hard/crtn.o
 *crtbegin.o(.ctors)
 *crtbegin?.o(.ctors)
 *(EXCLUDE_FILE(*crtend.o *crtend?.o) .ctors)
 *(SORT_BY_NAME(.ctors.*))
 *(.ctors)
 *crtbegin.o(.dtors)
 *crtbegin?.o(.dtors)
 *(EXCLUDE_FILE(*crtend.o *crtend?.o) .dtors)
 *(SORT_BY_NAME(.dtors.*))
 *(.dtors)
 *(.rodata*)
 .rodata        0x0002bbd4       0x20 _build/nrf52832_xxaa/nrf_log_backend_uart.c.o
 .rodata.nrf_log_backend_uart_api
                0x0002bbf4        0xc _build/nrf52832_xxaa/nrf_log_backend_uart.c.o
                0x0002bbf4                nrf_log_backend_uart_api
 .rodata.str1.4
                0x0002bc00       0x11 _build/nrf52832_xxaa/nrf_log_default_backends.c.o
 *fill*         0x0002bc11        0x3 
 .rodata.m_log_push_ringbuf
                0x0002bc14        0xc _build/nrf52832_xxaa/nrf_log_frontend.c.o
 .rodata.nrf_log_frontend_dequeue.str1.4
                0x0002bc20       0x11 _build/nrf52832_xxaa/nrf_log_frontend.c.o
 *fill*         0x0002bc31        0x3 
 .rodata.str1.4
                0x0002bc34        0x4 _build/nrf52832_xxaa/nrf_log_frontend.c.o
 .rodata.m_colors
                0x0002bc38       0x24 _build/nrf52832_xxaa/nrf_log_str_formatter.c.o
 .rodata.nrf_log_hexdump_entry_process.str1.4
                0x0002bc5c       0x13 _build/nrf52832_xxaa/nrf_log_str_formatter.c.o
                                 0x16 (size before relaxing)
 *fill*         0x0002bc6f        0x1 
 .rodata.nrf_log_std_entry_process.str1.4
                0x0002bc70        0x3 _build/nrf52832_xxaa/nrf_log_str_formatter.c.o
 *fill*         0x0002bc73        0x1 
 .rodata.prefix_process.str1.4
                0x0002bc74       0x36 _build/nrf52832_xxaa/nrf_log_str_formatter.c.o
 *fill*         0x0002bcaa        0x2 
 .rodata.severity_names
                0x0002bcac       0x14 _build/nrf52832_xxaa/nrf_log_str_formatter.c.o
 .rodata.str1.4
                0x0002bcc0       0x56 _build/nrf52832_xxaa/nrf_log_str_formatter.c.o
 *fill*         0x0002bd16        0x2 
 .rodata.m_detection_delay_timer_id
                0x0002bd18        0x4 _build/nrf52832_xxaa/app_button.c.o
 .rodata.app_error_fault_handler.str1.4
                0x0002bd1c       0x19 _build/nrf52832_xxaa/app_error_weak.c.o
 *fill*         0x0002bd35        0xb 
 .rodata.delay_machine_code.8819
                0x0002bd40        0x6 _build/nrf52832_xxaa/app_timer.c.o
 *fill*         0x0002bd46        0x2 
 .rodata._aV2C.7517
                0x0002bd48       0x10 _build/nrf52832_xxaa/nrf_fprintf_format.c.o
 .rodata.pwr_mgmt_data
                0x0002bd58        0xc _build/nrf52832_xxaa/nrf_pwr_mgmt.c.o
 .rodata.str1.4
                0x0002bd64        0x9 _build/nrf52832_xxaa/nrf_pwr_mgmt.c.o
 *fill*         0x0002bd6d        0x3 
 .rodata.m_unknown_str
                0x0002bd70       0x13 _build/nrf52832_xxaa/nrf_strerror.c.o
 *fill*         0x0002bd83        0x1 
 .rodata.nrf_strerror_array
                0x0002bd84      0x128 _build/nrf52832_xxaa/nrf_strerror.c.o
 .rodata.str1.4
                0x0002beac      0x3e9 _build/nrf52832_xxaa/nrf_strerror.c.o
 *fill*         0x0002c295        0x3 
 .rodata.m_board_led_list
                0x0002c298        0x4 _build/nrf52832_xxaa/boards.c.o
 .rodata.str1.4
                0x0002c29c        0x6 _build/nrf52832_xxaa/nrf_drv_clock.c.o
 *fill*         0x0002c2a2        0x2 
 .rodata.str1.4
                0x0002c2a4        0x6 _build/nrf52832_xxaa/nrfx_clock.c.o
 *fill*         0x0002c2aa        0x2 
 .rodata.str1.4
                0x0002c2ac        0x7 _build/nrf52832_xxaa/nrfx_gpiote.c.o
 *fill*         0x0002c2b3        0x1 
 .rodata.str1.4
                0x0002c2b4        0x4 _build/nrf52832_xxaa/nrfx_prs.c.o
 .rodata.str1.4
                0x0002c2b8        0x5 _build/nrf52832_xxaa/nrfx_uart.c.o
 *fill*         0x0002c2bd        0x3 
 .rodata.str1.4
                0x0002c2c0        0x6 _build/nrf52832_xxaa/nrfx_uarte.c.o
 *fill*         0x0002c2c6        0x2 
 .rodata.ble_evt_handler.str1.4
                0x0002c2c8       0x19 _build/nrf52832_xxaa/main.c.o
 *fill*         0x0002c2e1        0x3 
 .rodata.button_event_handler.str1.4
                0x0002c2e4       0x1a _build/nrf52832_xxaa/main.c.o
 *fill*         0x0002c2fe        0x2 
 .rodata.led_write_handler.str1.4
                0x0002c300       0x26 _build/nrf52832_xxaa/main.c.o
 *fill*         0x0002c326        0x2 
 .rodata.main.str1.4
                0x0002c328       0x28 _build/nrf52832_xxaa/main.c.o
 .rodata.data_length_update.constprop.6.str1.4
                0x0002c350       0xe2 _build/nrf52832_xxaa/nrf_ble_gatt.c.o
 *fill*         0x0002c432        0x2 
 .rodata.nrf_ble_gatt_on_ble_evt.str1.4
                0x0002c434       0x63 _build/nrf52832_xxaa/nrf_ble_gatt.c.o
 *fill*         0x0002c497        0x1 
 .rodata.str1.4
                0x0002c498        0xd _build/nrf52832_xxaa/nrf_ble_gatt.c.o
 *fill*         0x0002c4a5        0x3 
 .rodata        0x0002c4a8       0x10 _build/nrf52832_xxaa/ble_lbs.c.o
 .rodata        0x0002c4b8        0x4 _build/nrf52832_xxaa/nrf_sdh.c.o
 .rodata.sdh_req_observers
                0x0002c4bc        0xc _build/nrf52832_xxaa/nrf_sdh.c.o
 .rodata.sdh_stack_observers
                0x0002c4c8        0xc _build/nrf52832_xxaa/nrf_sdh.c.o
 .rodata.sdh_state_observers
                0x0002c4d4        0xc _build/nrf52832_xxaa/nrf_sdh.c.o
 .rodata.str1.4
                0x0002c4e0        0x8 _build/nrf52832_xxaa/nrf_sdh.c.o
 .rodata.nrf_sdh_ble_default_cfg_set.str1.4
                0x0002c4e8      0x187 _build/nrf52832_xxaa/nrf_sdh_ble.c.o
 *fill*         0x0002c66f        0x1 
 .rodata.nrf_sdh_ble_enable.str1.4
                0x0002c670       0xad _build/nrf52832_xxaa/nrf_sdh_ble.c.o
 *fill*         0x0002c71d        0x3 
 .rodata.sdh_ble_observers
                0x0002c720        0xc _build/nrf52832_xxaa/nrf_sdh_ble.c.o
 .rodata.str1.4
                0x0002c72c        0xc _build/nrf52832_xxaa/nrf_sdh_ble.c.o
 .rodata.sdh_soc_observers
                0x0002c738        0xc _build/nrf52832_xxaa/nrf_sdh_soc.c.o
 .rodata.str1.4
                0x0002c744        0xc _build/nrf52832_xxaa/nrf_sdh_soc.c.o
 .rodata._ctype_
                0x0002c750      0x101 d:/program files (x86)/gnu tools arm embedded/8 2019-q3-update/bin/../lib/gcc/arm-none-eabi/8.3.1/../../../../arm-none-eabi/lib/thumb/v7e-m+fp/hard\libc_nano.a(lib_a-ctype_.o)
                0x0002c750                _ctype_
 *fill*         0x0002c851        0x3 
 .rodata._global_impure_ptr
                0x0002c854        0x4 d:/program files (x86)/gnu tools arm embedded/8 2019-q3-update/bin/../lib/gcc/arm-none-eabi/8.3.1/../../../../arm-none-eabi/lib/thumb/v7e-m+fp/hard\libc_nano.a(lib_a-impure.o)
                0x0002c854                _global_impure_ptr
 *(.eh_frame*)
 .eh_frame      0x0002c858        0x0 d:/program files (x86)/gnu tools arm embedded/8 2019-q3-update/bin/../lib/gcc/arm-none-eabi/8.3.1/thumb/v7e-m+fp/hard/crtbegin.o
 .eh_frame      0x0002c858        0x4 d:/program files (x86)/gnu tools arm embedded/8 2019-q3-update/bin/../lib/gcc/arm-none-eabi/8.3.1/thumb/v7e-m+fp/hard/crtend.o

.glue_7         0x0002c85c        0x0
 .glue_7        0x0002c85c        0x0 linker stubs

.glue_7t        0x0002c85c        0x0
 .glue_7t       0x0002c85c        0x0 linker stubs

.vfp11_veneer   0x0002c85c        0x0
 .vfp11_veneer  0x0002c85c        0x0 linker stubs

.v4_bx          0x0002c85c        0x0
 .v4_bx         0x0002c85c        0x0 linker stubs

.iplt           0x0002c85c        0x0
 .iplt          0x0002c85c        0x0 d:/program files (x86)/gnu tools arm embedded/8 2019-q3-update/bin/../lib/gcc/arm-none-eabi/8.3.1/thumb/v7e-m+fp/hard/crtbegin.o

.mem_section_dummy_rom

.sdh_soc_observers
                0x0002c85c        0x8
                0x0002c85c                PROVIDE (__start_sdh_soc_observers = .)
 *(SORT_BY_NAME(.sdh_soc_observers*))
 .sdh_soc_observers0
                0x0002c85c        0x8 _build/nrf52832_xxaa/nrf_drv_clock.c.o
                0x0002c864                PROVIDE (__stop_sdh_soc_observers = .)

.pwr_mgmt_data  0x0002c864        0x0
                0x0002c864                PROVIDE (__start_pwr_mgmt_data = .)
 *(SORT_BY_NAME(.pwr_mgmt_data*))
                0x0002c864                PROVIDE (__stop_pwr_mgmt_data = .)

.sdh_ble_observers
                0x0002c864       0x30
                0x0002c864                PROVIDE (__start_sdh_ble_observers = .)
 *(SORT_BY_NAME(.sdh_ble_observers*))
 .sdh_ble_observers0
                0x0002c864        0x8 _build/nrf52832_xxaa/ble_conn_state.c.o
 .sdh_ble_observers1
                0x0002c86c        0x8 _build/nrf52832_xxaa/main.c.o
 .sdh_ble_observers1
                0x0002c874        0x8 _build/nrf52832_xxaa/ble_conn_params.c.o
 .sdh_ble_observers2
                0x0002c87c       0x10 _build/nrf52832_xxaa/main.c.o
 .sdh_ble_observers3
                0x0002c88c        0x8 _build/nrf52832_xxaa/main.c.o
                0x0002c894                PROVIDE (__stop_sdh_ble_observers = .)

.sdh_req_observers
                0x0002c894        0x0
                0x0002c894                PROVIDE (__start_sdh_req_observers = .)
 *(SORT_BY_NAME(.sdh_req_observers*))
                0x0002c894                PROVIDE (__stop_sdh_req_observers = .)

.sdh_state_observers
                0x0002c894        0x8
                0x0002c894                PROVIDE (__start_sdh_state_observers = .)
 *(SORT_BY_NAME(.sdh_state_observers*))
 .sdh_state_observers0
                0x0002c894        0x8 _build/nrf52832_xxaa/nrf_drv_clock.c.o
                0x0002c89c                PROVIDE (__stop_sdh_state_observers = .)

.sdh_stack_observers
                0x0002c89c       0x10
                0x0002c89c                PROVIDE (__start_sdh_stack_observers = .)
 *(SORT_BY_NAME(.sdh_stack_observers*))
 .sdh_stack_observers0
                0x0002c89c        0x8 _build/nrf52832_xxaa/nrf_sdh_ble.c.o
 .sdh_stack_observers0
                0x0002c8a4        0x8 _build/nrf52832_xxaa/nrf_sdh_soc.c.o
                0x0002c8ac                PROVIDE (__stop_sdh_stack_observers = .)

.nrf_queue      0x0002c8ac        0x0
                [!provide]                PROVIDE (__start_nrf_queue = .)
 *(.nrf_queue)
                [!provide]                PROVIDE (__stop_nrf_queue = .)

.nrf_balloc     0x0002c8ac       0x14
                [!provide]                PROVIDE (__start_nrf_balloc = .)
 *(.nrf_balloc)
 .nrf_balloc    0x0002c8ac       0x14 _build/nrf52832_xxaa/nrf_log_frontend.c.o
                0x0002c8ac                log_mempool
                [!provide]                PROVIDE (__stop_nrf_balloc = .)

.cli_command    0x0002c8c0        0x0
                [!provide]                PROVIDE (__start_cli_command = .)
 *(.cli_command)
                [!provide]                PROVIDE (__stop_cli_command = .)

.crypto_data    0x0002c8c0        0x0
                [!provide]                PROVIDE (__start_crypto_data = .)
 *(SORT_BY_NAME(.crypto_data*))
                [!provide]                PROVIDE (__stop_crypto_data = .)

.log_const_data
                0x0002c8c0       0x60
                0x0002c8c0                PROVIDE (__start_log_const_data = .)
 *(SORT_BY_NAME(.log_const_data*))
 .log_const_data_CLOCK
                0x0002c8c0        0x8 _build/nrf52832_xxaa/nrfx_clock.c.o
                0x0002c8c0                m_nrf_log_CLOCK_logs_data_const
 .log_const_data_GPIOTE
                0x0002c8c8        0x8 _build/nrf52832_xxaa/nrfx_gpiote.c.o
                0x0002c8c8                m_nrf_log_GPIOTE_logs_data_const
 .log_const_data_PRS
                0x0002c8d0        0x8 _build/nrf52832_xxaa/nrfx_prs.c.o
                0x0002c8d0                m_nrf_log_PRS_logs_data_const
 .log_const_data_UART
                0x0002c8d8        0x8 _build/nrf52832_xxaa/nrfx_uart.c.o
                0x0002c8d8                m_nrf_log_UART_logs_data_const
 .log_const_data_UARTE
                0x0002c8e0        0x8 _build/nrf52832_xxaa/nrfx_uarte.c.o
                0x0002c8e0                m_nrf_log_UARTE_logs_data_const
 .log_const_data_app
                0x0002c8e8        0x8 _build/nrf52832_xxaa/nrf_log_frontend.c.o
                0x0002c8e8                m_nrf_log_app_logs_data_const
 .log_const_data_clock
                0x0002c8f0        0x8 _build/nrf52832_xxaa/nrf_drv_clock.c.o
                0x0002c8f0                m_nrf_log_clock_logs_data_const
 .log_const_data_nrf_ble_gatt
                0x0002c8f8        0x8 _build/nrf52832_xxaa/nrf_ble_gatt.c.o
                0x0002c8f8                m_nrf_log_nrf_ble_gatt_logs_data_const
 .log_const_data_nrf_sdh
                0x0002c900        0x8 _build/nrf52832_xxaa/nrf_sdh.c.o
                0x0002c900                m_nrf_log_nrf_sdh_logs_data_const
 .log_const_data_nrf_sdh_ble
                0x0002c908        0x8 _build/nrf52832_xxaa/nrf_sdh_ble.c.o
                0x0002c908                m_nrf_log_nrf_sdh_ble_logs_data_const
 .log_const_data_nrf_sdh_soc
                0x0002c910        0x8 _build/nrf52832_xxaa/nrf_sdh_soc.c.o
                0x0002c910                m_nrf_log_nrf_sdh_soc_logs_data_const
 .log_const_data_pwr_mgmt
                0x0002c918        0x8 _build/nrf52832_xxaa/nrf_pwr_mgmt.c.o
                0x0002c918                m_nrf_log_pwr_mgmt_logs_data_const
                0x0002c920                PROVIDE (__stop_log_const_data = .)

.log_backends   0x0002c920       0x10
                [!provide]                PROVIDE (__start_log_backends = .)
 *(SORT_BY_NAME(.log_backends*))
 .log_backends  0x0002c920       0x10 _build/nrf52832_xxaa/nrf_log_default_backends.c.o
                [!provide]                PROVIDE (__stop_log_backends = .)

.ARM.extab
 *(.ARM.extab* .gnu.linkonce.armextab.*)
                0x0002c930                __exidx_start = .

.ARM.exidx      0x0002c930        0x8
 *(.ARM.exidx* .gnu.linkonce.armexidx.*)
 .ARM.exidx     0x0002c930        0x8 d:/program files (x86)/gnu tools arm embedded/8 2019-q3-update/bin/../lib/gcc/arm-none-eabi/8.3.1/../../../../arm-none-eabi/lib/thumb/v7e-m+fp/hard/crt0.o
                0x0002c938                __exidx_end = .
                0x0002c938                __etext = .

.rel.dyn        0x0002c938        0x0
 .rel.iplt      0x0002c938        0x0 d:/program files (x86)/gnu tools arm embedded/8 2019-q3-update/bin/../lib/gcc/arm-none-eabi/8.3.1/thumb/v7e-m+fp/hard/crtbegin.o

.data           0x200022b8       0xa4 load address 0x0002c938
                0x200022b8                __data_start__ = .
 *(vtable)
 *(.data*)
 .data.m_uart   0x200022b8       0x14 _build/nrf52832_xxaa/nrf_log_backend_uart.c.o
                0x200022b8                m_uart
 .data.log_backend_cb_uart_log_backend
                0x200022cc        0x8 _build/nrf52832_xxaa/nrf_log_default_backends.c.o
 .data.SystemCoreClock
                0x200022d4        0x4 _build/nrf52832_xxaa/system_nrf52.c.o
                0x200022d4                SystemCoreClock
 .data.buttons.11355
                0x200022d8        0x8 _build/nrf52832_xxaa/main.c.o
 .data.m_adv_data
                0x200022e0       0x10 _build/nrf52832_xxaa/main.c.o
 .data.m_adv_handle
                0x200022f0        0x1 _build/nrf52832_xxaa/main.c.o
 *fill*         0x200022f1        0x1 
 .data.m_conn_handle
                0x200022f2        0x2 _build/nrf52832_xxaa/main.c.o
 .data.impure_data
                0x200022f4       0x60 d:/program files (x86)/gnu tools arm embedded/8 2019-q3-update/bin/../lib/gcc/arm-none-eabi/8.3.1/../../../../arm-none-eabi/lib/thumb/v7e-m+fp/hard\libc_nano.a(lib_a-impure.o)
                0x20002354                . = ALIGN (0x4)
                0x20002354                PROVIDE (__preinit_array_start = .)
 *(.preinit_array)
                0x20002354                PROVIDE (__preinit_array_end = .)
                0x20002354                . = ALIGN (0x4)
                0x20002354                PROVIDE (__init_array_start = .)
 *(SORT_BY_NAME(.init_array.*))
 *(.init_array)
 .init_array    0x20002354        0x4 d:/program files (x86)/gnu tools arm embedded/8 2019-q3-update/bin/../lib/gcc/arm-none-eabi/8.3.1/thumb/v7e-m+fp/hard/crtbegin.o
                0x20002358                PROVIDE (__init_array_end = .)
                0x20002358                . = ALIGN (0x4)
                [!provide]                PROVIDE (__fini_array_start = .)
 *(SORT_BY_NAME(.fini_array.*))
 *(.fini_array)
 .fini_array    0x20002358        0x4 d:/program files (x86)/gnu tools arm embedded/8 2019-q3-update/bin/../lib/gcc/arm-none-eabi/8.3.1/thumb/v7e-m+fp/hard/crtbegin.o
                [!provide]                PROVIDE (__fini_array_end = .)
 *(.jcr*)
                0x2000235c                . = ALIGN (0x4)
                0x2000235c                __data_end__ = .
LOAD d:/program files (x86)/gnu tools arm embedded/8 2019-q3-update/bin/../lib/gcc/arm-none-eabi/8.3.1/thumb/v7e-m+fp/hard/crti.o
LOAD d:/program files (x86)/gnu tools arm embedded/8 2019-q3-update/bin/../lib/gcc/arm-none-eabi/8.3.1/thumb/v7e-m+fp/hard/crtbegin.o
LOAD d:/program files (x86)/gnu tools arm embedded/8 2019-q3-update/bin/../lib/gcc/arm-none-eabi/8.3.1/../../../../arm-none-eabi/lib/thumb/v7e-m+fp/hard/crt0.o
LOAD _build/nrf52832_xxaa/gcc_startup_nrf52.S.o
LOAD _build/nrf52832_xxaa/nrf_log_backend_rtt.c.o
LOAD _build/nrf52832_xxaa/nrf_log_backend_serial.c.o
LOAD _build/nrf52832_xxaa/nrf_log_backend_uart.c.o
LOAD _build/nrf52832_xxaa/nrf_log_default_backends.c.o
LOAD _build/nrf52832_xxaa/nrf_log_frontend.c.o
LOAD _build/nrf52832_xxaa/nrf_log_str_formatter.c.o
LOAD _build/nrf52832_xxaa/app_button.c.o
LOAD _build/nrf52832_xxaa/app_error.c.o
LOAD _build/nrf52832_xxaa/app_error_handler_gcc.c.o
LOAD _build/nrf52832_xxaa/app_error_weak.c.o
LOAD _build/nrf52832_xxaa/app_scheduler.c.o
LOAD _build/nrf52832_xxaa/app_timer.c.o
LOAD _build/nrf52832_xxaa/app_util_platform.c.o
LOAD _build/nrf52832_xxaa/hardfault_implementation.c.o
LOAD _build/nrf52832_xxaa/nrf_assert.c.o
LOAD _build/nrf52832_xxaa/nrf_atfifo.c.o
LOAD _build/nrf52832_xxaa/nrf_atflags.c.o
LOAD _build/nrf52832_xxaa/nrf_atomic.c.o
LOAD _build/nrf52832_xxaa/nrf_balloc.c.o
LOAD _build/nrf52832_xxaa/nrf_fprintf.c.o
LOAD _build/nrf52832_xxaa/nrf_fprintf_format.c.o
LOAD _build/nrf52832_xxaa/nrf_memobj.c.o
LOAD _build/nrf52832_xxaa/nrf_pwr_mgmt.c.o
LOAD _build/nrf52832_xxaa/nrf_ringbuf.c.o
LOAD _build/nrf52832_xxaa/nrf_section_iter.c.o
LOAD _build/nrf52832_xxaa/nrf_strerror.c.o
LOAD _build/nrf52832_xxaa/system_nrf52.c.o
LOAD _build/nrf52832_xxaa/boards.c.o
LOAD _build/nrf52832_xxaa/nrf_drv_clock.c.o
LOAD _build/nrf52832_xxaa/nrf_drv_uart.c.o
LOAD _build/nrf52832_xxaa/nrfx_atomic.c.o
LOAD _build/nrf52832_xxaa/nrfx_clock.c.o
LOAD _build/nrf52832_xxaa/nrfx_gpiote.c.o
LOAD _build/nrf52832_xxaa/nrfx_prs.c.o
LOAD _build/nrf52832_xxaa/nrfx_uart.c.o
LOAD _build/nrf52832_xxaa/nrfx_uarte.c.o
LOAD _build/nrf52832_xxaa/main.c.o
LOAD _build/nrf52832_xxaa/SEGGER_RTT.c.o
LOAD _build/nrf52832_xxaa/SEGGER_RTT_Syscalls_GCC.c.o
LOAD _build/nrf52832_xxaa/SEGGER_RTT_printf.c.o
LOAD _build/nrf52832_xxaa/ble_advdata.c.o
LOAD _build/nrf52832_xxaa/ble_conn_params.c.o
LOAD _build/nrf52832_xxaa/ble_conn_state.c.o
LOAD _build/nrf52832_xxaa/ble_srv_common.c.o
LOAD _build/nrf52832_xxaa/nrf_ble_gatt.c.o
LOAD _build/nrf52832_xxaa/nrf_ble_qwr.c.o
LOAD _build/nrf52832_xxaa/utf.c.o
LOAD _build/nrf52832_xxaa/ble_lbs.c.o
LOAD _build/nrf52832_xxaa/nrf_sdh.c.o
LOAD _build/nrf52832_xxaa/nrf_sdh_ble.c.o
LOAD _build/nrf52832_xxaa/nrf_sdh_soc.c.o
LOAD d:/program files (x86)/gnu tools arm embedded/8 2019-q3-update/bin/../lib/gcc/arm-none-eabi/8.3.1/../../../../arm-none-eabi/lib/thumb/v7e-m+fp/hard\libc_nano.a
LOAD d:/program files (x86)/gnu tools arm embedded/8 2019-q3-update/bin/../lib/gcc/arm-none-eabi/8.3.1/../../../../arm-none-eabi/lib/thumb/v7e-m+fp/hard\libnosys.a
LOAD d:/program files (x86)/gnu tools arm embedded/8 2019-q3-update/bin/../lib/gcc/arm-none-eabi/8.3.1/../../../../arm-none-eabi/lib/thumb/v7e-m+fp/hard\libm.a
START GROUP
LOAD d:/program files (x86)/gnu tools arm embedded/8 2019-q3-update/bin/../lib/gcc/arm-none-eabi/8.3.1/thumb/v7e-m+fp/hard\libgcc.a
LOAD d:/program files (x86)/gnu tools arm embedded/8 2019-q3-update/bin/../lib/gcc/arm-none-eabi/8.3.1/../../../../arm-none-eabi/lib/thumb/v7e-m+fp/hard\libg_nano.a
LOAD d:/program files (x86)/gnu tools arm embedded/8 2019-q3-update/bin/../lib/gcc/arm-none-eabi/8.3.1/../../../../arm-none-eabi/lib/thumb/v7e-m+fp/hard\libc_nano.a
END GROUP
START GROUP
LOAD d:/program files (x86)/gnu tools arm embedded/8 2019-q3-update/bin/../lib/gcc/arm-none-eabi/8.3.1/thumb/v7e-m+fp/hard\libgcc.a
LOAD d:/program files (x86)/gnu tools arm embedded/8 2019-q3-update/bin/../lib/gcc/arm-none-eabi/8.3.1/../../../../arm-none-eabi/lib/thumb/v7e-m+fp/hard\libc_nano.a
END GROUP
LOAD d:/program files (x86)/gnu tools arm embedded/8 2019-q3-update/bin/../lib/gcc/arm-none-eabi/8.3.1/thumb/v7e-m+fp/hard/crtend.o
LOAD d:/program files (x86)/gnu tools arm embedded/8 2019-q3-update/bin/../lib/gcc/arm-none-eabi/8.3.1/thumb/v7e-m+fp/hard/crtn.o
START GROUP
LOAD d:/program files (x86)/gnu tools arm embedded/8 2019-q3-update/bin/../lib/gcc/arm-none-eabi/8.3.1/thumb/v7e-m+fp/hard\libgcc.a
LOAD d:/program files (x86)/gnu tools arm embedded/8 2019-q3-update/bin/../lib/gcc/arm-none-eabi/8.3.1/../../../../arm-none-eabi/lib/thumb/v7e-m+fp/hard\libc.a
LOAD d:/program files (x86)/gnu tools arm embedded/8 2019-q3-update/bin/../lib/gcc/arm-none-eabi/8.3.1/../../../../arm-none-eabi/lib/thumb/v7e-m+fp/hard\libnosys.a
END GROUP

.igot.plt       0x2000235c        0x0 load address 0x0002c9dc
 .igot.plt      0x2000235c        0x0 d:/program files (x86)/gnu tools arm embedded/8 2019-q3-update/bin/../lib/gcc/arm-none-eabi/8.3.1/thumb/v7e-m+fp/hard/crtbegin.o
                0x2000235c                . = ALIGN (0x4)

.mem_section_dummy_ram

.cli_sorted_cmd_ptrs
                0x2000235c        0x0
                [!provide]                PROVIDE (__start_cli_sorted_cmd_ptrs = .)
 *(.cli_sorted_cmd_ptrs)
                [!provide]                PROVIDE (__stop_cli_sorted_cmd_ptrs = .)

.fs_data        0x2000235c        0x0
                [!provide]                PROVIDE (__start_fs_data = .)
 *(.fs_data)
                [!provide]                PROVIDE (__stop_fs_data = .)

.log_dynamic_data
                0x2000235c        0x0
                0x2000235c                PROVIDE (__start_log_dynamic_data = .)
 *(SORT_BY_NAME(.log_dynamic_data*))
                [!provide]                PROVIDE (__stop_log_dynamic_data = .)

.log_filter_data
                0x2000235c        0x0
                [!provide]                PROVIDE (__start_log_filter_data = .)
 *(SORT_BY_NAME(.log_filter_data*))
                [!provide]                PROVIDE (__stop_log_filter_data = .)

.bss            0x20002360      0x9a0 load address 0x0002c9e0
                0x20002360                . = ALIGN (0x4)
                0x20002360                __bss_start__ = .
 *(.bss*)
 .bss           0x20002360       0x1c d:/program files (x86)/gnu tools arm embedded/8 2019-q3-update/bin/../lib/gcc/arm-none-eabi/8.3.1/thumb/v7e-m+fp/hard/crtbegin.o
 .bss.m_async_mode
                0x2000237c        0x1 _build/nrf52832_xxaa/nrf_log_backend_uart.c.o
 *fill*         0x2000237d        0x3 
 .bss.m_string_buff
                0x20002380       0x40 _build/nrf52832_xxaa/nrf_log_backend_uart.c.o
 .bss.m_xfer_done
                0x200023c0        0x1 _build/nrf52832_xxaa/nrf_log_backend_uart.c.o
 *fill*         0x200023c1        0x3 
 .bss.log_mempool_nrf_balloc_cb
                0x200023c4        0x8 _build/nrf52832_xxaa/nrf_log_frontend.c.o
 .bss.log_mempool_nrf_balloc_pool_mem
                0x200023cc       0xc0 _build/nrf52832_xxaa/nrf_log_frontend.c.o
 .bss.log_mempool_nrf_balloc_pool_stack
                0x2000248c        0x8 _build/nrf52832_xxaa/nrf_log_frontend.c.o
 *fill*         0x20002494        0x4 
 .bss.m_log_data
                0x20002498      0x424 _build/nrf52832_xxaa/nrf_log_frontend.c.o
 .bss.m_log_push_ringbuf_buf
                0x200028bc       0x80 _build/nrf52832_xxaa/nrf_log_frontend.c.o
 .bss.m_log_push_ringbuf_cb
                0x2000293c       0x18 _build/nrf52832_xxaa/nrf_log_frontend.c.o
 .bss.m_button_count
                0x20002954        0x1 _build/nrf52832_xxaa/app_button.c.o
 *fill*         0x20002955        0x3 
 .bss.m_detection_delay
                0x20002958        0x4 _build/nrf52832_xxaa/app_button.c.o
 .bss.m_detection_delay_timer_id_data
                0x2000295c       0x20 _build/nrf52832_xxaa/app_button.c.o
 *fill*         0x2000297c        0x4 
 .bss.m_pin_state
                0x20002980        0x8 _build/nrf52832_xxaa/app_button.c.o
 .bss.m_pin_transition
                0x20002988        0x8 _build/nrf52832_xxaa/app_button.c.o
 .bss.mp_buttons
                0x20002990        0x4 _build/nrf52832_xxaa/app_button.c.o
 .bss.m_op_queue
                0x20002994      0x10c _build/nrf52832_xxaa/app_timer.c.o
 .bss.m_rtc1_reset
                0x20002aa0        0x1 _build/nrf52832_xxaa/app_timer.c.o
 .bss.m_rtc1_running
                0x20002aa1        0x1 _build/nrf52832_xxaa/app_timer.c.o
 *fill*         0x20002aa2        0x2 
 .bss.m_ticks_elapsed
                0x20002aa4        0x8 _build/nrf52832_xxaa/app_timer.c.o
 .bss.m_ticks_elapsed_q_read_ind
                0x20002aac        0x1 _build/nrf52832_xxaa/app_timer.c.o
 .bss.m_ticks_elapsed_q_write_ind
                0x20002aad        0x1 _build/nrf52832_xxaa/app_timer.c.o
 *fill*         0x20002aae        0x2 
 .bss.m_ticks_latest
                0x20002ab0        0x4 _build/nrf52832_xxaa/app_timer.c.o
 .bss.mp_timer_id_head
                0x20002ab4        0x4 _build/nrf52832_xxaa/app_timer.c.o
 .bss.m_handlers_iter
                0x20002ab8        0x8 _build/nrf52832_xxaa/nrf_pwr_mgmt.c.o
 .bss.m_shutdown_started
                0x20002ac0        0x1 _build/nrf52832_xxaa/nrf_pwr_mgmt.c.o
 *fill*         0x20002ac1        0x3 
 .bss.m_sysoff_mtx
                0x20002ac4        0x4 _build/nrf52832_xxaa/nrf_pwr_mgmt.c.o
 .bss.m_clock_cb
                0x20002ac8       0x14 _build/nrf52832_xxaa/nrf_drv_clock.c.o
 .bss.m_contexts
                0x20002adc        0x4 _build/nrf52832_xxaa/nrf_drv_uart.c.o
 .bss.m_handlers
                0x20002ae0        0x4 _build/nrf52832_xxaa/nrf_drv_uart.c.o
 .bss.m_clock_cb
                0x20002ae4        0x8 _build/nrf52832_xxaa/nrfx_clock.c.o
 *fill*         0x20002aec        0x4 
 .bss.m_cb      0x20002af0       0x5c _build/nrf52832_xxaa/nrfx_gpiote.c.o
 .bss.m_prs_box_4
                0x20002b4c        0x8 _build/nrf52832_xxaa/nrfx_prs.c.o
 .bss.m_cb      0x20002b54       0x2c _build/nrf52832_xxaa/nrfx_uart.c.o
 .bss.m_cb      0x20002b80       0x24 _build/nrf52832_xxaa/nrfx_uarte.c.o
 .bss.m_enc_advdata
                0x20002ba4       0x1f _build/nrf52832_xxaa/main.c.o
 *fill*         0x20002bc3        0x1 
 .bss.m_enc_scan_response_data
                0x20002bc4       0x1f _build/nrf52832_xxaa/main.c.o
 *fill*         0x20002be3        0x1 
 .bss.m_gatt    0x20002be4       0x14 _build/nrf52832_xxaa/main.c.o
 .bss.m_lbs     0x20002bf8       0x18 _build/nrf52832_xxaa/main.c.o
 .bss.m_qwr     0x20002c10        0xc _build/nrf52832_xxaa/main.c.o
 .bss.m_conn_params_config
                0x20002c1c       0x1c _build/nrf52832_xxaa/ble_conn_params.c.o
 .bss.m_conn_params_instances
                0x20002c38       0x14 _build/nrf52832_xxaa/ble_conn_params.c.o
 .bss.m_preferred_conn_params
                0x20002c4c        0x8 _build/nrf52832_xxaa/ble_conn_params.c.o
 .bss.m_timer_data
                0x20002c54       0x20 _build/nrf52832_xxaa/ble_conn_params.c.o
 .bss.m_bcs     0x20002c74       0x78 _build/nrf52832_xxaa/ble_conn_state.c.o
 .bss.m_nrf_sdh_continue
                0x20002cec        0x1 _build/nrf52832_xxaa/nrf_sdh.c.o
 .bss.m_nrf_sdh_enabled
                0x20002ced        0x1 _build/nrf52832_xxaa/nrf_sdh.c.o
 .bss.m_nrf_sdh_suspended
                0x20002cee        0x1 _build/nrf52832_xxaa/nrf_sdh.c.o
 .bss.m_stack_is_enabled
                0x20002cef        0x1 _build/nrf52832_xxaa/nrf_sdh_ble.c.o
 *(COMMON)
 COMMON         0x20002cf0        0xc _build/nrf52832_xxaa/app_util_platform.c.o
                0x20002cf0                nrf_nvic_state
 COMMON         0x20002cfc        0x1 _build/nrf52832_xxaa/nrf_drv_uart.c.o
                0x20002cfc                nrf_drv_uart_use_easy_dma
                0x20002d00                . = ALIGN (0x4)
 *fill*         0x20002cfd        0x3 
                0x20002d00                __bss_end__ = .

.heap           0x20002d00     0x2000
                0x20002d00                __HeapBase = .
                0x20002d00                __end__ = .
                [!provide]                PROVIDE (end = .)
 *(.heap*)
 .heap          0x20002d00     0x2000 _build/nrf52832_xxaa/gcc_startup_nrf52.S.o
                0x20004d00                __HeapLimit = .

.stack_dummy    0x20002d00     0x2000
 *(.stack*)
 .stack         0x20002d00     0x2000 _build/nrf52832_xxaa/gcc_startup_nrf52.S.o
                0x20010000                __StackTop = (ORIGIN (RAM) + LENGTH (RAM))
                0x2000e000                __StackLimit = (__StackTop - SIZEOF (.stack_dummy))
                0x20010000                PROVIDE (__stack = __StackTop)
                0x00000001                ASSERT ((__StackLimit >= __HeapLimit), region RAM overflowed with stack)
                0x000000a8                DataInitFlashUsed = (__bss_start__ - __data_start__)
                0x00006938                CodeFlashUsed = (__etext - ORIGIN (FLASH))
                0x000069e0                TotalFlashUsed = (CodeFlashUsed + DataInitFlashUsed)
                0x00000001                ASSERT ((TotalFlashUsed <= LENGTH (FLASH)), region FLASH overflowed with .data and user data)
OUTPUT(_build/nrf52832_xxaa.out elf32-littlearm)

.ARM.attributes
                0x00000000       0x30
 .ARM.attributes
                0x00000000       0x1e d:/program files (x86)/gnu tools arm embedded/8 2019-q3-update/bin/../lib/gcc/arm-none-eabi/8.3.1/thumb/v7e-m+fp/hard/crti.o
 .ARM.attributes
                0x0000001e       0x34 d:/program files (x86)/gnu tools arm embedded/8 2019-q3-update/bin/../lib/gcc/arm-none-eabi/8.3.1/thumb/v7e-m+fp/hard/crtbegin.o
 .ARM.attributes
                0x00000052       0x1c d:/program files (x86)/gnu tools arm embedded/8 2019-q3-update/bin/../lib/gcc/arm-none-eabi/8.3.1/../../../../arm-none-eabi/lib/thumb/v7e-m+fp/hard/crt0.o
 .ARM.attributes
                0x0000006e       0x20 _build/nrf52832_xxaa/gcc_startup_nrf52.S.o
 .ARM.attributes
                0x0000008e       0x34 _build/nrf52832_xxaa/nrf_log_backend_serial.c.o
 .ARM.attributes
                0x000000c2       0x34 _build/nrf52832_xxaa/nrf_log_backend_uart.c.o
 .ARM.attributes
                0x000000f6       0x34 _build/nrf52832_xxaa/nrf_log_default_backends.c.o
 .ARM.attributes
                0x0000012a       0x34 _build/nrf52832_xxaa/nrf_log_frontend.c.o
 .ARM.attributes
                0x0000015e       0x34 _build/nrf52832_xxaa/nrf_log_str_formatter.c.o
 .ARM.attributes
                0x00000192       0x34 _build/nrf52832_xxaa/app_button.c.o
 .ARM.attributes
                0x000001c6       0x34 _build/nrf52832_xxaa/app_error.c.o
 .ARM.attributes
                0x000001fa       0x34 _build/nrf52832_xxaa/app_error_weak.c.o
 .ARM.attributes
                0x0000022e       0x34 _build/nrf52832_xxaa/app_timer.c.o
 .ARM.attributes
                0x00000262       0x34 _build/nrf52832_xxaa/app_util_platform.c.o
 .ARM.attributes
                0x00000296       0x34 _build/nrf52832_xxaa/nrf_atflags.c.o
 .ARM.attributes
                0x000002ca       0x34 _build/nrf52832_xxaa/nrf_atomic.c.o
 .ARM.attributes
                0x000002fe       0x34 _build/nrf52832_xxaa/nrf_balloc.c.o
 .ARM.attributes
                0x00000332       0x34 _build/nrf52832_xxaa/nrf_fprintf.c.o
 .ARM.attributes
                0x00000366       0x34 _build/nrf52832_xxaa/nrf_fprintf_format.c.o
 .ARM.attributes
                0x0000039a       0x34 _build/nrf52832_xxaa/nrf_memobj.c.o
 .ARM.attributes
                0x000003ce       0x34 _build/nrf52832_xxaa/nrf_pwr_mgmt.c.o
 .ARM.attributes
                0x00000402       0x34 _build/nrf52832_xxaa/nrf_ringbuf.c.o
 .ARM.attributes
                0x00000436       0x34 _build/nrf52832_xxaa/nrf_section_iter.c.o
 .ARM.attributes
                0x0000046a       0x34 _build/nrf52832_xxaa/nrf_strerror.c.o
 .ARM.attributes
                0x0000049e       0x34 _build/nrf52832_xxaa/system_nrf52.c.o
 .ARM.attributes
                0x000004d2       0x34 _build/nrf52832_xxaa/boards.c.o
 .ARM.attributes
                0x00000506       0x34 _build/nrf52832_xxaa/nrf_drv_clock.c.o
 .ARM.attributes
                0x0000053a       0x34 _build/nrf52832_xxaa/nrf_drv_uart.c.o
 .ARM.attributes
                0x0000056e       0x34 _build/nrf52832_xxaa/nrfx_clock.c.o
 .ARM.attributes
                0x000005a2       0x34 _build/nrf52832_xxaa/nrfx_gpiote.c.o
 .ARM.attributes
                0x000005d6       0x34 _build/nrf52832_xxaa/nrfx_prs.c.o
 .ARM.attributes
                0x0000060a       0x34 _build/nrf52832_xxaa/nrfx_uart.c.o
 .ARM.attributes
                0x0000063e       0x34 _build/nrf52832_xxaa/nrfx_uarte.c.o
 .ARM.attributes
                0x00000672       0x34 _build/nrf52832_xxaa/main.c.o
 .ARM.attributes
                0x000006a6       0x34 _build/nrf52832_xxaa/ble_advdata.c.o
 .ARM.attributes
                0x000006da       0x34 _build/nrf52832_xxaa/ble_conn_params.c.o
 .ARM.attributes
                0x0000070e       0x34 _build/nrf52832_xxaa/ble_conn_state.c.o
 .ARM.attributes
                0x00000742       0x34 _build/nrf52832_xxaa/ble_srv_common.c.o
 .ARM.attributes
                0x00000776       0x34 _build/nrf52832_xxaa/nrf_ble_gatt.c.o
 .ARM.attributes
                0x000007aa       0x34 _build/nrf52832_xxaa/nrf_ble_qwr.c.o
 .ARM.attributes
                0x000007de       0x34 _build/nrf52832_xxaa/ble_lbs.c.o
 .ARM.attributes
                0x00000812       0x34 _build/nrf52832_xxaa/nrf_sdh.c.o
 .ARM.attributes
                0x00000846       0x34 _build/nrf52832_xxaa/nrf_sdh_ble.c.o
 .ARM.attributes
                0x0000087a       0x34 _build/nrf52832_xxaa/nrf_sdh_soc.c.o
 .ARM.attributes
                0x000008ae       0x32 d:/program files (x86)/gnu tools arm embedded/8 2019-q3-update/bin/../lib/gcc/arm-none-eabi/8.3.1/../../../../arm-none-eabi/lib/thumb/v7e-m+fp/hard\libc_nano.a(lib_a-ctype_.o)
 .ARM.attributes
                0x000008e0       0x34 d:/program files (x86)/gnu tools arm embedded/8 2019-q3-update/bin/../lib/gcc/arm-none-eabi/8.3.1/../../../../arm-none-eabi/lib/thumb/v7e-m+fp/hard\libc_nano.a(lib_a-exit.o)
 .ARM.attributes
                0x00000914       0x32 d:/program files (x86)/gnu tools arm embedded/8 2019-q3-update/bin/../lib/gcc/arm-none-eabi/8.3.1/../../../../arm-none-eabi/lib/thumb/v7e-m+fp/hard\libc_nano.a(lib_a-impure.o)
 .ARM.attributes
                0x00000946       0x34 d:/program files (x86)/gnu tools arm embedded/8 2019-q3-update/bin/../lib/gcc/arm-none-eabi/8.3.1/../../../../arm-none-eabi/lib/thumb/v7e-m+fp/hard\libc_nano.a(lib_a-init.o)
 .ARM.attributes
                0x0000097a       0x34 d:/program files (x86)/gnu tools arm embedded/8 2019-q3-update/bin/../lib/gcc/arm-none-eabi/8.3.1/../../../../arm-none-eabi/lib/thumb/v7e-m+fp/hard\libc_nano.a(lib_a-memcpy-stub.o)
 .ARM.attributes
                0x000009ae       0x34 d:/program files (x86)/gnu tools arm embedded/8 2019-q3-update/bin/../lib/gcc/arm-none-eabi/8.3.1/../../../../arm-none-eabi/lib/thumb/v7e-m+fp/hard\libc_nano.a(lib_a-memset.o)
 .ARM.attributes
                0x000009e2       0x17 d:/program files (x86)/gnu tools arm embedded/8 2019-q3-update/bin/../lib/gcc/arm-none-eabi/8.3.1/../../../../arm-none-eabi/lib/thumb/v7e-m+fp/hard\libc_nano.a(lib_a-strlen.o)
 .ARM.attributes
                0x000009f9       0x34 d:/program files (x86)/gnu tools arm embedded/8 2019-q3-update/bin/../lib/gcc/arm-none-eabi/8.3.1/../../../../arm-none-eabi/lib/thumb/v7e-m+fp/hard\libnosys.a(_exit.o)
 .ARM.attributes
                0x00000a2d       0x32 d:/program files (x86)/gnu tools arm embedded/8 2019-q3-update/bin/../lib/gcc/arm-none-eabi/8.3.1/thumb/v7e-m+fp/hard/crtend.o
 .ARM.attributes
                0x00000a5f       0x1e d:/program files (x86)/gnu tools arm embedded/8 2019-q3-update/bin/../lib/gcc/arm-none-eabi/8.3.1/thumb/v7e-m+fp/hard/crtn.o

.comment        0x00000000       0x76
 .comment       0x00000000       0x76 _build/nrf52832_xxaa/nrf_log_backend_serial.c.o
                                 0x77 (size before relaxing)
 .comment       0x00000076       0x77 _build/nrf52832_xxaa/nrf_log_backend_uart.c.o
 .comment       0x00000076       0x77 _build/nrf52832_xxaa/nrf_log_default_backends.c.o
 .comment       0x00000076       0x77 _build/nrf52832_xxaa/nrf_log_frontend.c.o
 .comment       0x00000076       0x77 _build/nrf52832_xxaa/nrf_log_str_formatter.c.o
 .comment       0x00000076       0x77 _build/nrf52832_xxaa/app_button.c.o
 .comment       0x00000076       0x77 _build/nrf52832_xxaa/app_error.c.o
 .comment       0x00000076       0x77 _build/nrf52832_xxaa/app_error_weak.c.o
 .comment       0x00000076       0x77 _build/nrf52832_xxaa/app_timer.c.o
 .comment       0x00000076       0x77 _build/nrf52832_xxaa/app_util_platform.c.o
 .comment       0x00000076       0x77 _build/nrf52832_xxaa/nrf_atflags.c.o
 .comment       0x00000076       0x77 _build/nrf52832_xxaa/nrf_atomic.c.o
 .comment       0x00000076       0x77 _build/nrf52832_xxaa/nrf_balloc.c.o
 .comment       0x00000076       0x77 _build/nrf52832_xxaa/nrf_fprintf.c.o
 .comment       0x00000076       0x77 _build/nrf52832_xxaa/nrf_fprintf_format.c.o
 .comment       0x00000076       0x77 _build/nrf52832_xxaa/nrf_memobj.c.o
 .comment       0x00000076       0x77 _build/nrf52832_xxaa/nrf_pwr_mgmt.c.o
 .comment       0x00000076       0x77 _build/nrf52832_xxaa/nrf_ringbuf.c.o
 .comment       0x00000076       0x77 _build/nrf52832_xxaa/nrf_section_iter.c.o
 .comment       0x00000076       0x77 _build/nrf52832_xxaa/nrf_strerror.c.o
 .comment       0x00000076       0x77 _build/nrf52832_xxaa/system_nrf52.c.o
 .comment       0x00000076       0x77 _build/nrf52832_xxaa/boards.c.o
 .comment       0x00000076       0x77 _build/nrf52832_xxaa/nrf_drv_clock.c.o
 .comment       0x00000076       0x77 _build/nrf52832_xxaa/nrf_drv_uart.c.o
 .comment       0x00000076       0x77 _build/nrf52832_xxaa/nrfx_clock.c.o
 .comment       0x00000076       0x77 _build/nrf52832_xxaa/nrfx_gpiote.c.o
 .comment       0x00000076       0x77 _build/nrf52832_xxaa/nrfx_prs.c.o
 .comment       0x00000076       0x77 _build/nrf52832_xxaa/nrfx_uart.c.o
 .comment       0x00000076       0x77 _build/nrf52832_xxaa/nrfx_uarte.c.o
 .comment       0x00000076       0x77 _build/nrf52832_xxaa/main.c.o
 .comment       0x00000076       0x77 _build/nrf52832_xxaa/ble_advdata.c.o
 .comment       0x00000076       0x77 _build/nrf52832_xxaa/ble_conn_params.c.o
 .comment       0x00000076       0x77 _build/nrf52832_xxaa/ble_conn_state.c.o
 .comment       0x00000076       0x77 _build/nrf52832_xxaa/ble_srv_common.c.o
 .comment       0x00000076       0x77 _build/nrf52832_xxaa/nrf_ble_gatt.c.o
 .comment       0x00000076       0x77 _build/nrf52832_xxaa/nrf_ble_qwr.c.o
 .comment       0x00000076       0x77 _build/nrf52832_xxaa/ble_lbs.c.o
 .comment       0x00000076       0x77 _build/nrf52832_xxaa/nrf_sdh.c.o
 .comment       0x00000076       0x77 _build/nrf52832_xxaa/nrf_sdh_ble.c.o
 .comment       0x00000076       0x77 _build/nrf52832_xxaa/nrf_sdh_soc.c.o

.debug_line     0x00000000    0x23865
 .debug_line    0x00000000       0x86 _build/nrf52832_xxaa/gcc_startup_nrf52.S.o
 .debug_line    0x00000086      0x939 _build/nrf52832_xxaa/nrf_log_backend_serial.c.o
 .debug_line    0x000009bf      0xc58 _build/nrf52832_xxaa/nrf_log_backend_uart.c.o
 .debug_line    0x00001617      0x81f _build/nrf52832_xxaa/nrf_log_default_backends.c.o
 .debug_line    0x00001e36     0x29f3 _build/nrf52832_xxaa/nrf_log_frontend.c.o
 .debug_line    0x00004829      0xa43 _build/nrf52832_xxaa/nrf_log_str_formatter.c.o
 .debug_line    0x0000526c      0xbb7 _build/nrf52832_xxaa/app_button.c.o
 .debug_line    0x00005e23      0x5c9 _build/nrf52832_xxaa/app_error.c.o
 .debug_line    0x000063ec      0x913 _build/nrf52832_xxaa/app_error_weak.c.o
 .debug_line    0x00006cff     0x1797 _build/nrf52832_xxaa/app_timer.c.o
 .debug_line    0x00008496      0x80d _build/nrf52832_xxaa/app_util_platform.c.o
 .debug_line    0x00008ca3      0x8a6 _build/nrf52832_xxaa/nrf_atflags.c.o
 .debug_line    0x00009549      0x885 _build/nrf52832_xxaa/nrf_atomic.c.o
 .debug_line    0x00009dce      0x95f _build/nrf52832_xxaa/nrf_balloc.c.o
 .debug_line    0x0000a72d      0x5f7 _build/nrf52832_xxaa/nrf_fprintf.c.o
 .debug_line    0x0000ad24      0xedb _build/nrf52832_xxaa/nrf_fprintf_format.c.o
 .debug_line    0x0000bbff      0xb67 _build/nrf52832_xxaa/nrf_memobj.c.o
 .debug_line    0x0000c766      0xf03 _build/nrf52832_xxaa/nrf_pwr_mgmt.c.o
 .debug_line    0x0000d669      0xa43 _build/nrf52832_xxaa/nrf_ringbuf.c.o
 .debug_line    0x0000e0ac      0x60d _build/nrf52832_xxaa/nrf_section_iter.c.o
 .debug_line    0x0000e6b9      0x6ec _build/nrf52832_xxaa/nrf_strerror.c.o
 .debug_line    0x0000eda5      0x926 _build/nrf52832_xxaa/system_nrf52.c.o
 .debug_line    0x0000f6cb     0x107d _build/nrf52832_xxaa/boards.c.o
 .debug_line    0x00010748     0x122c _build/nrf52832_xxaa/nrf_drv_clock.c.o
 .debug_line    0x00011974      0x8ec _build/nrf52832_xxaa/nrf_drv_uart.c.o
 .debug_line    0x00012260     0x1004 _build/nrf52832_xxaa/nrfx_clock.c.o
 .debug_line    0x00013264     0x2d02 _build/nrf52832_xxaa/nrfx_gpiote.c.o
 .debug_line    0x00015f66      0x9e5 _build/nrf52832_xxaa/nrfx_prs.c.o
 .debug_line    0x0001694b     0x1e79 _build/nrf52832_xxaa/nrfx_uart.c.o
 .debug_line    0x000187c4     0x1b9d _build/nrf52832_xxaa/nrfx_uarte.c.o
 .debug_line    0x0001a361     0x147c _build/nrf52832_xxaa/main.c.o
 .debug_line    0x0001b7dd     0x13d1 _build/nrf52832_xxaa/ble_advdata.c.o
 .debug_line    0x0001cbae      0xe3b _build/nrf52832_xxaa/ble_conn_params.c.o
 .debug_line    0x0001d9e9     0x10b7 _build/nrf52832_xxaa/ble_conn_state.c.o
 .debug_line    0x0001eaa0      0xb4f _build/nrf52832_xxaa/ble_srv_common.c.o
 .debug_line    0x0001f5ef      0xd1a _build/nrf52832_xxaa/nrf_ble_gatt.c.o
 .debug_line    0x00020309      0x878 _build/nrf52832_xxaa/nrf_ble_qwr.c.o
 .debug_line    0x00020b81      0x8ab _build/nrf52832_xxaa/ble_lbs.c.o
 .debug_line    0x0002142c     0x100c _build/nrf52832_xxaa/nrf_sdh.c.o
 .debug_line    0x00022438      0xbdd _build/nrf52832_xxaa/nrf_sdh_ble.c.o
 .debug_line    0x00023015      0x850 _build/nrf52832_xxaa/nrf_sdh_soc.c.o

.debug_info     0x00000000    0x4e997
 .debug_info    0x00000000       0x26 _build/nrf52832_xxaa/gcc_startup_nrf52.S.o
 .debug_info    0x00000026     0x1254 _build/nrf52832_xxaa/nrf_log_backend_serial.c.o
 .debug_info    0x0000127a     0x1c9d _build/nrf52832_xxaa/nrf_log_backend_uart.c.o
 .debug_info    0x00002f17      0xd9e _build/nrf52832_xxaa/nrf_log_default_backends.c.o
 .debug_info    0x00003cb5     0x472e _build/nrf52832_xxaa/nrf_log_frontend.c.o
 .debug_info    0x000083e3     0x142a _build/nrf52832_xxaa/nrf_log_str_formatter.c.o
 .debug_info    0x0000980d     0x1045 _build/nrf52832_xxaa/app_button.c.o
 .debug_info    0x0000a852      0xbac _build/nrf52832_xxaa/app_error.c.o
 .debug_info    0x0000b3fe     0x1026 _build/nrf52832_xxaa/app_error_weak.c.o
 .debug_info    0x0000c424     0x29ec _build/nrf52832_xxaa/app_timer.c.o
 .debug_info    0x0000ee10     0x1305 _build/nrf52832_xxaa/app_util_platform.c.o
 .debug_info    0x00010115      0xf53 _build/nrf52832_xxaa/nrf_atflags.c.o
 .debug_info    0x00011068     0x1434 _build/nrf52832_xxaa/nrf_atomic.c.o
 .debug_info    0x0001249c      0xea4 _build/nrf52832_xxaa/nrf_balloc.c.o
 .debug_info    0x00013340      0xb51 _build/nrf52832_xxaa/nrf_fprintf.c.o
 .debug_info    0x00013e91     0x158c _build/nrf52832_xxaa/nrf_fprintf_format.c.o
 .debug_info    0x0001541d     0x1611 _build/nrf52832_xxaa/nrf_memobj.c.o
 .debug_info    0x00016a2e     0x1e19 _build/nrf52832_xxaa/nrf_pwr_mgmt.c.o
 .debug_info    0x00018847      0xf8b _build/nrf52832_xxaa/nrf_ringbuf.c.o
 .debug_info    0x000197d2      0xac1 _build/nrf52832_xxaa/nrf_section_iter.c.o
 .debug_info    0x0001a293      0xb72 _build/nrf52832_xxaa/nrf_strerror.c.o
 .debug_info    0x0001ae05     0x1277 _build/nrf52832_xxaa/system_nrf52.c.o
 .debug_info    0x0001c07c     0x171e _build/nrf52832_xxaa/boards.c.o
 .debug_info    0x0001d79a     0x207f _build/nrf52832_xxaa/nrf_drv_clock.c.o
 .debug_info    0x0001f819     0x1aed _build/nrf52832_xxaa/nrf_drv_uart.c.o
 .debug_info    0x00021306     0x1e2e _build/nrf52832_xxaa/nrfx_clock.c.o
 .debug_info    0x00023134     0x43ed _build/nrf52832_xxaa/nrfx_gpiote.c.o
 .debug_info    0x00027521     0x1200 _build/nrf52832_xxaa/nrfx_prs.c.o
 .debug_info    0x00028721     0x413c _build/nrf52832_xxaa/nrfx_uart.c.o
 .debug_info    0x0002c85d     0x3d8a _build/nrf52832_xxaa/nrfx_uarte.c.o
 .debug_info    0x000305e7     0x4939 _build/nrf52832_xxaa/main.c.o
 .debug_info    0x00034f20     0x28ab _build/nrf52832_xxaa/ble_advdata.c.o
 .debug_info    0x000377cb     0x356b _build/nrf52832_xxaa/ble_conn_params.c.o
 .debug_info    0x0003ad36     0x3783 _build/nrf52832_xxaa/ble_conn_state.c.o
 .debug_info    0x0003e4b9     0x1702 _build/nrf52832_xxaa/ble_srv_common.c.o
 .debug_info    0x0003fbbb     0x340b _build/nrf52832_xxaa/nrf_ble_gatt.c.o
 .debug_info    0x00042fc6     0x29b7 _build/nrf52832_xxaa/nrf_ble_qwr.c.o
 .debug_info    0x0004597d     0x2bb0 _build/nrf52832_xxaa/ble_lbs.c.o
 .debug_info    0x0004852d     0x206e _build/nrf52832_xxaa/nrf_sdh.c.o
 .debug_info    0x0004a59b     0x3494 _build/nrf52832_xxaa/nrf_sdh_ble.c.o
 .debug_info    0x0004da2f      0xf68 _build/nrf52832_xxaa/nrf_sdh_soc.c.o

.debug_abbrev   0x00000000     0x9f7f
 .debug_abbrev  0x00000000       0x14 _build/nrf52832_xxaa/gcc_startup_nrf52.S.o
 .debug_abbrev  0x00000014      0x2bd _build/nrf52832_xxaa/nrf_log_backend_serial.c.o
 .debug_abbrev  0x000002d1      0x41d _build/nrf52832_xxaa/nrf_log_backend_uart.c.o
 .debug_abbrev  0x000006ee      0x294 _build/nrf52832_xxaa/nrf_log_default_backends.c.o
 .debug_abbrev  0x00000982      0x606 _build/nrf52832_xxaa/nrf_log_frontend.c.o
 .debug_abbrev  0x00000f88      0x320 _build/nrf52832_xxaa/nrf_log_str_formatter.c.o
 .debug_abbrev  0x000012a8      0x323 _build/nrf52832_xxaa/app_button.c.o
 .debug_abbrev  0x000015cb      0x276 _build/nrf52832_xxaa/app_error.c.o
 .debug_abbrev  0x00001841      0x2e9 _build/nrf52832_xxaa/app_error_weak.c.o
 .debug_abbrev  0x00001b2a      0x53a _build/nrf52832_xxaa/app_timer.c.o
 .debug_abbrev  0x00002064      0x3e6 _build/nrf52832_xxaa/app_util_platform.c.o
 .debug_abbrev  0x0000244a      0x378 _build/nrf52832_xxaa/nrf_atflags.c.o
 .debug_abbrev  0x000027c2      0x378 _build/nrf52832_xxaa/nrf_atomic.c.o
 .debug_abbrev  0x00002b3a      0x34d _build/nrf52832_xxaa/nrf_balloc.c.o
 .debug_abbrev  0x00002e87      0x27d _build/nrf52832_xxaa/nrf_fprintf.c.o
 .debug_abbrev  0x00003104      0x3a2 _build/nrf52832_xxaa/nrf_fprintf_format.c.o
 .debug_abbrev  0x000034a6      0x39e _build/nrf52832_xxaa/nrf_memobj.c.o
 .debug_abbrev  0x00003844      0x508 _build/nrf52832_xxaa/nrf_pwr_mgmt.c.o
 .debug_abbrev  0x00003d4c      0x2b2 _build/nrf52832_xxaa/nrf_ringbuf.c.o
 .debug_abbrev  0x00003ffe      0x206 _build/nrf52832_xxaa/nrf_section_iter.c.o
 .debug_abbrev  0x00004204      0x29c _build/nrf52832_xxaa/nrf_strerror.c.o
 .debug_abbrev  0x000044a0      0x226 _build/nrf52832_xxaa/system_nrf52.c.o
 .debug_abbrev  0x000046c6      0x403 _build/nrf52832_xxaa/boards.c.o
 .debug_abbrev  0x00004ac9      0x5e9 _build/nrf52832_xxaa/nrf_drv_clock.c.o
 .debug_abbrev  0x000050b2      0x2da _build/nrf52832_xxaa/nrf_drv_uart.c.o
 .debug_abbrev  0x0000538c      0x536 _build/nrf52832_xxaa/nrfx_clock.c.o
 .debug_abbrev  0x000058c2      0x5cb _build/nrf52832_xxaa/nrfx_gpiote.c.o
 .debug_abbrev  0x00005e8d      0x362 _build/nrf52832_xxaa/nrfx_prs.c.o
 .debug_abbrev  0x000061ef      0x585 _build/nrf52832_xxaa/nrfx_uart.c.o
 .debug_abbrev  0x00006774      0x558 _build/nrf52832_xxaa/nrfx_uarte.c.o
 .debug_abbrev  0x00006ccc      0x4fc _build/nrf52832_xxaa/main.c.o
 .debug_abbrev  0x000071c8      0x4a4 _build/nrf52832_xxaa/ble_advdata.c.o
 .debug_abbrev  0x0000766c      0x5ae _build/nrf52832_xxaa/ble_conn_params.c.o
 .debug_abbrev  0x00007c1a      0x5bb _build/nrf52832_xxaa/ble_conn_state.c.o
 .debug_abbrev  0x000081d5      0x3be _build/nrf52832_xxaa/ble_srv_common.c.o
 .debug_abbrev  0x00008593      0x4e3 _build/nrf52832_xxaa/nrf_ble_gatt.c.o
 .debug_abbrev  0x00008a76      0x3ee _build/nrf52832_xxaa/nrf_ble_qwr.c.o
 .debug_abbrev  0x00008e64      0x3df _build/nrf52832_xxaa/ble_lbs.c.o
 .debug_abbrev  0x00009243      0x5a3 _build/nrf52832_xxaa/nrf_sdh.c.o
 .debug_abbrev  0x000097e6      0x4a8 _build/nrf52832_xxaa/nrf_sdh_ble.c.o
 .debug_abbrev  0x00009c8e      0x2f1 _build/nrf52832_xxaa/nrf_sdh_soc.c.o

.debug_aranges  0x00000000      0xdd8
 .debug_aranges
                0x00000000       0x20 _build/nrf52832_xxaa/gcc_startup_nrf52.S.o
 .debug_aranges
                0x00000020       0x20 _build/nrf52832_xxaa/nrf_log_backend_serial.c.o
 .debug_aranges
                0x00000040       0x48 _build/nrf52832_xxaa/nrf_log_backend_uart.c.o
 .debug_aranges
                0x00000088       0x20 _build/nrf52832_xxaa/nrf_log_default_backends.c.o
 .debug_aranges
                0x000000a8       0xb8 _build/nrf52832_xxaa/nrf_log_frontend.c.o
 .debug_aranges
                0x00000160       0x38 _build/nrf52832_xxaa/nrf_log_str_formatter.c.o
 .debug_aranges
                0x00000198       0x48 _build/nrf52832_xxaa/app_button.c.o
 .debug_aranges
                0x000001e0       0x28 _build/nrf52832_xxaa/app_error.c.o
 .debug_aranges
                0x00000208       0x20 _build/nrf52832_xxaa/app_error_weak.c.o
 .debug_aranges
                0x00000228       0x70 _build/nrf52832_xxaa/app_timer.c.o
 .debug_aranges
                0x00000298       0x48 _build/nrf52832_xxaa/app_util_platform.c.o
 .debug_aranges
                0x000002e0       0x58 _build/nrf52832_xxaa/nrf_atflags.c.o
 .debug_aranges
                0x00000338       0xb0 _build/nrf52832_xxaa/nrf_atomic.c.o
 .debug_aranges
                0x000003e8       0x30 _build/nrf52832_xxaa/nrf_balloc.c.o
 .debug_aranges
                0x00000418       0x28 _build/nrf52832_xxaa/nrf_fprintf.c.o
 .debug_aranges
                0x00000440       0x28 _build/nrf52832_xxaa/nrf_fprintf_format.c.o
 .debug_aranges
                0x00000468       0x50 _build/nrf52832_xxaa/nrf_memobj.c.o
 .debug_aranges
                0x000004b8       0x48 _build/nrf52832_xxaa/nrf_pwr_mgmt.c.o
 .debug_aranges
                0x00000500       0x50 _build/nrf52832_xxaa/nrf_ringbuf.c.o
 .debug_aranges
                0x00000550       0x28 _build/nrf52832_xxaa/nrf_section_iter.c.o
 .debug_aranges
                0x00000578       0x28 _build/nrf52832_xxaa/nrf_strerror.c.o
 .debug_aranges
                0x000005a0       0x28 _build/nrf52832_xxaa/system_nrf52.c.o
 .debug_aranges
                0x000005c8       0x78 _build/nrf52832_xxaa/boards.c.o
 .debug_aranges
                0x00000640       0xa8 _build/nrf52832_xxaa/nrf_drv_clock.c.o
 .debug_aranges
                0x000006e8       0x30 _build/nrf52832_xxaa/nrf_drv_uart.c.o
 .debug_aranges
                0x00000718       0x78 _build/nrf52832_xxaa/nrfx_clock.c.o
 .debug_aranges
                0x00000790       0xd8 _build/nrf52832_xxaa/nrfx_gpiote.c.o
 .debug_aranges
                0x00000868       0x30 _build/nrf52832_xxaa/nrfx_prs.c.o
 .debug_aranges
                0x00000898       0x78 _build/nrf52832_xxaa/nrfx_uart.c.o
 .debug_aranges
                0x00000910       0x68 _build/nrf52832_xxaa/nrfx_uarte.c.o
 .debug_aranges
                0x00000978       0x90 _build/nrf52832_xxaa/main.c.o
 .debug_aranges
                0x00000a08       0x78 _build/nrf52832_xxaa/ble_advdata.c.o
 .debug_aranges
                0x00000a80       0x60 _build/nrf52832_xxaa/ble_conn_params.c.o
 .debug_aranges
                0x00000ae0       0xc0 _build/nrf52832_xxaa/ble_conn_state.c.o
 .debug_aranges
                0x00000ba0       0x58 _build/nrf52832_xxaa/ble_srv_common.c.o
 .debug_aranges
                0x00000bf8       0x70 _build/nrf52832_xxaa/nrf_ble_gatt.c.o
 .debug_aranges
                0x00000c68       0x40 _build/nrf52832_xxaa/nrf_ble_qwr.c.o
 .debug_aranges
                0x00000ca8       0x48 _build/nrf52832_xxaa/ble_lbs.c.o
 .debug_aranges
                0x00000cf0       0x70 _build/nrf52832_xxaa/nrf_sdh.c.o
 .debug_aranges
                0x00000d60       0x50 _build/nrf52832_xxaa/nrf_sdh_ble.c.o
 .debug_aranges
                0x00000db0       0x28 _build/nrf52832_xxaa/nrf_sdh_soc.c.o

.debug_str      0x00000000    0x947d8
 .debug_str     0x00000000       0xa6 _build/nrf52832_xxaa/gcc_startup_nrf52.S.o
 .debug_str     0x000000a6    0x73967 _build/nrf52832_xxaa/nrf_log_backend_serial.c.o
                              0x75ad9 (size before relaxing)
 .debug_str     0x00073a0d     0x8512 _build/nrf52832_xxaa/nrf_log_backend_uart.c.o
                              0x7dad4 (size before relaxing)
 .debug_str     0x0007bf1f      0x11c _build/nrf52832_xxaa/nrf_log_default_backends.c.o
                              0x75890 (size before relaxing)
 .debug_str     0x0007c03b     0x1372 _build/nrf52832_xxaa/nrf_log_frontend.c.o
                              0x76d47 (size before relaxing)
 .debug_str     0x0007d3ad      0x6a6 _build/nrf52832_xxaa/nrf_log_str_formatter.c.o
                              0x75ffb (size before relaxing)
 .debug_str     0x0007da53     0x163d _build/nrf52832_xxaa/app_button.c.o
                              0x7aa51 (size before relaxing)
 .debug_str     0x0007f090       0xf4 _build/nrf52832_xxaa/app_error.c.o
                              0x60adb (size before relaxing)
 .debug_str     0x0007f184      0xa52 _build/nrf52832_xxaa/app_error_weak.c.o
                              0x768d2 (size before relaxing)
 .debug_str     0x0007fbd6      0xb33 _build/nrf52832_xxaa/app_timer.c.o
                              0x7a41b (size before relaxing)
 .debug_str     0x00080709      0x24e _build/nrf52832_xxaa/app_util_platform.c.o
                              0x61fef (size before relaxing)
 .debug_str     0x00080957      0x3c4 _build/nrf52832_xxaa/nrf_atflags.c.o
                              0x70aa9 (size before relaxing)
 .debug_str     0x00080d1b      0x65b _build/nrf52832_xxaa/nrf_atomic.c.o
                              0x70e04 (size before relaxing)
 .debug_str     0x00081376      0x164 _build/nrf52832_xxaa/nrf_balloc.c.o
                              0x7588a (size before relaxing)
 .debug_str     0x000814da      0x144 _build/nrf52832_xxaa/nrf_fprintf.c.o
                              0x70a5d (size before relaxing)
 .debug_str     0x0008161e      0x11d _build/nrf52832_xxaa/nrf_fprintf_format.c.o
                              0x70b52 (size before relaxing)
 .debug_str     0x0008173b      0x1a5 _build/nrf52832_xxaa/nrf_memobj.c.o
                              0x73c42 (size before relaxing)
 .debug_str     0x000818e0     0x16c5 _build/nrf52832_xxaa/nrf_pwr_mgmt.c.o
                              0x7ec81 (size before relaxing)
 .debug_str     0x00082fa5       0xdc _build/nrf52832_xxaa/nrf_ringbuf.c.o
                              0x72334 (size before relaxing)
 .debug_str     0x00083081       0x54 _build/nrf52832_xxaa/nrf_section_iter.c.o
                              0x70c2c (size before relaxing)
 .debug_str     0x000830d5       0xed _build/nrf52832_xxaa/nrf_strerror.c.o
                              0x707c9 (size before relaxing)
 .debug_str     0x000831c2      0x36e _build/nrf52832_xxaa/system_nrf52.c.o
                              0x5c5a4 (size before relaxing)
 .debug_str     0x00083530     0x148e _build/nrf52832_xxaa/boards.c.o
                              0x7a409 (size before relaxing)
 .debug_str     0x000849be      0xe8b _build/nrf52832_xxaa/nrf_drv_clock.c.o
                              0x7d948 (size before relaxing)
 .debug_str     0x00085849      0x470 _build/nrf52832_xxaa/nrf_drv_uart.c.o
                              0x7a2e7 (size before relaxing)
 .debug_str     0x00085cb9      0x8e4 _build/nrf52832_xxaa/nrfx_clock.c.o
                              0x7ce8a (size before relaxing)
 .debug_str     0x0008659d      0xd47 _build/nrf52832_xxaa/nrfx_gpiote.c.o
                              0x7e028 (size before relaxing)
 .debug_str     0x000872e4      0x334 _build/nrf52832_xxaa/nrfx_prs.c.o
                              0x7c516 (size before relaxing)
 .debug_str     0x00087618      0x6a7 _build/nrf52832_xxaa/nrfx_uart.c.o
                              0x7d6a4 (size before relaxing)
 .debug_str     0x00087cbf      0x976 _build/nrf52832_xxaa/nrfx_uarte.c.o
                              0x7db38 (size before relaxing)
 .debug_str     0x00088635     0x9752 _build/nrf52832_xxaa/main.c.o
                              0x8881c (size before relaxing)
 .debug_str     0x00091d87      0x56f _build/nrf52832_xxaa/ble_advdata.c.o
                              0x77b4b (size before relaxing)
 .debug_str     0x000922f6      0x37a _build/nrf52832_xxaa/ble_conn_params.c.o
                              0x79f1c (size before relaxing)
 .debug_str     0x00092670      0x82f _build/nrf52832_xxaa/ble_conn_state.c.o
                              0x7979c (size before relaxing)
 .debug_str     0x00092e9f      0x47c _build/nrf52832_xxaa/ble_srv_common.c.o
                              0x6f171 (size before relaxing)
 .debug_str     0x0009331b      0x4d2 _build/nrf52832_xxaa/nrf_ble_gatt.c.o
                              0x7a462 (size before relaxing)
 .debug_str     0x000937ed      0x209 _build/nrf52832_xxaa/nrf_ble_qwr.c.o
                              0x78676 (size before relaxing)
 .debug_str     0x000939f6      0x105 _build/nrf52832_xxaa/ble_lbs.c.o
                              0x78c33 (size before relaxing)
 .debug_str     0x00093afb      0x4f4 _build/nrf52832_xxaa/nrf_sdh.c.o
                              0x762b9 (size before relaxing)
 .debug_str     0x00093fef      0x665 _build/nrf52832_xxaa/nrf_sdh_ble.c.o
                              0x7b016 (size before relaxing)
 .debug_str     0x00094654      0x184 _build/nrf52832_xxaa/nrf_sdh_soc.c.o
                              0x75274 (size before relaxing)

.debug_loc      0x00000000    0x1a92b
 .debug_loc     0x00000000      0x1a3 _build/nrf52832_xxaa/nrf_log_backend_serial.c.o
 .debug_loc     0x000001a3      0x334 _build/nrf52832_xxaa/nrf_log_backend_uart.c.o
 .debug_loc     0x000004d7       0x17 _build/nrf52832_xxaa/nrf_log_default_backends.c.o
 .debug_loc     0x000004ee     0x4d72 _build/nrf52832_xxaa/nrf_log_frontend.c.o
 .debug_loc     0x00005260      0x486 _build/nrf52832_xxaa/nrf_log_str_formatter.c.o
 .debug_loc     0x000056e6      0x44a _build/nrf52832_xxaa/app_button.c.o
 .debug_loc     0x00005b30       0xc9 _build/nrf52832_xxaa/app_error.c.o
 .debug_loc     0x00005bf9       0x6f _build/nrf52832_xxaa/app_error_weak.c.o
 .debug_loc     0x00005c68     0x14b4 _build/nrf52832_xxaa/app_timer.c.o
 .debug_loc     0x0000711c      0x1e9 _build/nrf52832_xxaa/app_util_platform.c.o
 .debug_loc     0x00007305      0x4b2 _build/nrf52832_xxaa/nrf_atflags.c.o
 .debug_loc     0x000077b7      0x5c9 _build/nrf52832_xxaa/nrf_atomic.c.o
 .debug_loc     0x00007d80      0x1c3 _build/nrf52832_xxaa/nrf_balloc.c.o
 .debug_loc     0x00007f43       0x54 _build/nrf52832_xxaa/nrf_fprintf.c.o
 .debug_loc     0x00007f97     0x138c _build/nrf52832_xxaa/nrf_fprintf_format.c.o
 .debug_loc     0x00009323      0xebd _build/nrf52832_xxaa/nrf_memobj.c.o
 .debug_loc     0x0000a1e0      0x106 _build/nrf52832_xxaa/nrf_pwr_mgmt.c.o
 .debug_loc     0x0000a2e6      0x643 _build/nrf52832_xxaa/nrf_ringbuf.c.o
 .debug_loc     0x0000a929      0x402 _build/nrf52832_xxaa/nrf_strerror.c.o
 .debug_loc     0x0000ad2b      0xd31 _build/nrf52832_xxaa/boards.c.o
 .debug_loc     0x0000ba5c      0x5af _build/nrf52832_xxaa/nrf_drv_clock.c.o
 .debug_loc     0x0000c00b      0x1e6 _build/nrf52832_xxaa/nrf_drv_uart.c.o
 .debug_loc     0x0000c1f1      0x2d9 _build/nrf52832_xxaa/nrfx_clock.c.o
 .debug_loc     0x0000c4ca     0x3c2a _build/nrf52832_xxaa/nrfx_gpiote.c.o
 .debug_loc     0x000100f4      0x110 _build/nrf52832_xxaa/nrfx_prs.c.o
 .debug_loc     0x00010204     0x1f93 _build/nrf52832_xxaa/nrfx_uart.c.o
 .debug_loc     0x00012197     0x1c66 _build/nrf52832_xxaa/nrfx_uarte.c.o
 .debug_loc     0x00013dfd      0xaed _build/nrf52832_xxaa/main.c.o
 .debug_loc     0x000148ea     0x1dab _build/nrf52832_xxaa/ble_advdata.c.o
 .debug_loc     0x00016695      0xe52 _build/nrf52832_xxaa/ble_conn_params.c.o
 .debug_loc     0x000174e7      0xf6d _build/nrf52832_xxaa/ble_conn_state.c.o
 .debug_loc     0x00018454      0x732 _build/nrf52832_xxaa/ble_srv_common.c.o
 .debug_loc     0x00018b86      0xd95 _build/nrf52832_xxaa/nrf_ble_gatt.c.o
 .debug_loc     0x0001991b      0x4ee _build/nrf52832_xxaa/nrf_ble_qwr.c.o
 .debug_loc     0x00019e09      0x2ae _build/nrf52832_xxaa/ble_lbs.c.o
 .debug_loc     0x0001a0b7      0x4b1 _build/nrf52832_xxaa/nrf_sdh.c.o
 .debug_loc     0x0001a568      0x32c _build/nrf52832_xxaa/nrf_sdh_ble.c.o
 .debug_loc     0x0001a894       0x97 _build/nrf52832_xxaa/nrf_sdh_soc.c.o

.debug_ranges   0x00000000     0x6df0
 .debug_ranges  0x00000000       0x28 _build/nrf52832_xxaa/nrf_log_backend_serial.c.o
 .debug_ranges  0x00000028      0x110 _build/nrf52832_xxaa/nrf_log_backend_uart.c.o
 .debug_ranges  0x00000138       0x10 _build/nrf52832_xxaa/nrf_log_default_backends.c.o
 .debug_ranges  0x00000148      0xbf8 _build/nrf52832_xxaa/nrf_log_frontend.c.o
 .debug_ranges  0x00000d40       0xa8 _build/nrf52832_xxaa/nrf_log_str_formatter.c.o
 .debug_ranges  0x00000de8       0x88 _build/nrf52832_xxaa/app_button.c.o
 .debug_ranges  0x00000e70       0x18 _build/nrf52832_xxaa/app_error.c.o
 .debug_ranges  0x00000e88       0x28 _build/nrf52832_xxaa/app_error_weak.c.o
 .debug_ranges  0x00000eb0      0x748 _build/nrf52832_xxaa/app_timer.c.o
 .debug_ranges  0x000015f8      0x148 _build/nrf52832_xxaa/app_util_platform.c.o
 .debug_ranges  0x00001740      0x188 _build/nrf52832_xxaa/nrf_atflags.c.o
 .debug_ranges  0x000018c8       0xd8 _build/nrf52832_xxaa/nrf_atomic.c.o
 .debug_ranges  0x000019a0       0x78 _build/nrf52832_xxaa/nrf_balloc.c.o
 .debug_ranges  0x00001a18       0x18 _build/nrf52832_xxaa/nrf_fprintf.c.o
 .debug_ranges  0x00001a30      0x3c0 _build/nrf52832_xxaa/nrf_fprintf_format.c.o
 .debug_ranges  0x00001df0       0xb8 _build/nrf52832_xxaa/nrf_memobj.c.o
 .debug_ranges  0x00001ea8      0x100 _build/nrf52832_xxaa/nrf_pwr_mgmt.c.o
 .debug_ranges  0x00001fa8       0x40 _build/nrf52832_xxaa/nrf_ringbuf.c.o
 .debug_ranges  0x00001fe8       0x18 _build/nrf52832_xxaa/nrf_section_iter.c.o
 .debug_ranges  0x00002000       0xb0 _build/nrf52832_xxaa/nrf_strerror.c.o
 .debug_ranges  0x000020b0      0x208 _build/nrf52832_xxaa/system_nrf52.c.o
 .debug_ranges  0x000022b8      0x988 _build/nrf52832_xxaa/boards.c.o
 .debug_ranges  0x00002c40      0x348 _build/nrf52832_xxaa/nrf_drv_clock.c.o
 .debug_ranges  0x00002f88       0x20 _build/nrf52832_xxaa/nrf_drv_uart.c.o
 .debug_ranges  0x00002fa8      0x2d0 _build/nrf52832_xxaa/nrfx_clock.c.o
 .debug_ranges  0x00003278     0x1388 _build/nrf52832_xxaa/nrfx_gpiote.c.o
 .debug_ranges  0x00004600       0x60 _build/nrf52832_xxaa/nrfx_prs.c.o
 .debug_ranges  0x00004660      0x8a0 _build/nrf52832_xxaa/nrfx_uart.c.o
 .debug_ranges  0x00004f00      0x790 _build/nrf52832_xxaa/nrfx_uarte.c.o
 .debug_ranges  0x00005690      0x438 _build/nrf52832_xxaa/main.c.o
 .debug_ranges  0x00005ac8      0x308 _build/nrf52832_xxaa/ble_advdata.c.o
 .debug_ranges  0x00005dd0      0x2e0 _build/nrf52832_xxaa/ble_conn_params.c.o
 .debug_ranges  0x000060b0      0x388 _build/nrf52832_xxaa/ble_conn_state.c.o
 .debug_ranges  0x00006438      0x158 _build/nrf52832_xxaa/ble_srv_common.c.o
 .debug_ranges  0x00006590      0x110 _build/nrf52832_xxaa/nrf_ble_gatt.c.o
 .debug_ranges  0x000066a0       0xc0 _build/nrf52832_xxaa/nrf_ble_qwr.c.o
 .debug_ranges  0x00006760       0x60 _build/nrf52832_xxaa/ble_lbs.c.o
 .debug_ranges  0x000067c0      0x4c0 _build/nrf52832_xxaa/nrf_sdh.c.o
 .debug_ranges  0x00006c80      0x108 _build/nrf52832_xxaa/nrf_sdh_ble.c.o
 .debug_ranges  0x00006d88       0x68 _build/nrf52832_xxaa/nrf_sdh_soc.c.o

.debug_macro    0x00000000     0xcd26
 .debug_macro   0x00000000      0x3a9 _build/nrf52832_xxaa/nrf_log_backend_serial.c.o
 .debug_macro   0x000003a9       0x16 _build/nrf52832_xxaa/nrf_log_backend_serial.c.o
 .debug_macro   0x000003bf       0x22 _build/nrf52832_xxaa/nrf_log_backend_serial.c.o
 .debug_macro   0x000003e1       0x46 _build/nrf52832_xxaa/nrf_log_backend_serial.c.o
 .debug_macro   0x00000427       0xa3 _build/nrf52832_xxaa/nrf_log_backend_serial.c.o
 .debug_macro   0x000004ca       0x3a _build/nrf52832_xxaa/nrf_log_backend_serial.c.o
 .debug_macro   0x00000504       0x1c _build/nrf52832_xxaa/nrf_log_backend_serial.c.o
 .debug_macro   0x00000520       0x10 _build/nrf52832_xxaa/nrf_log_backend_serial.c.o
 .debug_macro   0x00000530       0xbe _build/nrf52832_xxaa/nrf_log_backend_serial.c.o
 .debug_macro   0x000005ee       0x16 _build/nrf52832_xxaa/nrf_log_backend_serial.c.o
 .debug_macro   0x00000604      0x129 _build/nrf52832_xxaa/nrf_log_backend_serial.c.o
 .debug_macro   0x0000072d       0x49 _build/nrf52832_xxaa/nrf_log_backend_serial.c.o
 .debug_macro   0x00000776       0x8c _build/nrf52832_xxaa/nrf_log_backend_serial.c.o
 .debug_macro   0x00000802       0x31 _build/nrf52832_xxaa/nrf_log_backend_serial.c.o
 .debug_macro   0x00000833       0x55 _build/nrf52832_xxaa/nrf_log_backend_serial.c.o
 .debug_macro   0x00000888       0x98 _build/nrf52832_xxaa/nrf_log_backend_serial.c.o
 .debug_macro   0x00000920       0x10 _build/nrf52832_xxaa/nrf_log_backend_serial.c.o
 .debug_macro   0x00000930       0x1d _build/nrf52832_xxaa/nrf_log_backend_serial.c.o
 .debug_macro   0x0000094d       0x2e _build/nrf52832_xxaa/nrf_log_backend_serial.c.o
 .debug_macro   0x0000097b       0x1c _build/nrf52832_xxaa/nrf_log_backend_serial.c.o
 .debug_macro   0x00000997      0x185 _build/nrf52832_xxaa/nrf_log_backend_serial.c.o